2026-03-24 16:52:19 [debug    ] model_registered               model_id=agent_alice
2026-03-24 16:52:19 [debug    ] model_registered               model_id=agent_bob
2026-03-24 16:52:19 [debug    ] model_registered               model_id=agent_carol
2026-03-24 16:52:19 [debug    ] model_registered               model_id=agent_dave
2026-03-24 16:52:19 [debug    ] model_registered               model_id=agent_eve
2026-03-24 16:52:19 [debug    ] model_registered               model_id=agent_frank
2026-03-24 16:52:19 [debug    ] model_registered               model_id=agent_grace
2026-03-24 16:52:19 [debug    ] model_registered               model_id=agent_hank
2026-03-24 16:52:19 [debug    ] model_registered               model_id=agent_ivan
2026-03-24 16:52:19 [info     ] agents_initialized             count=9
2026-03-24 16:52:19 [info     ] selfplay_starting              max_iterations=15 num_players=9 tournaments_per_iter=3
2026-03-24 16:52:19 [info     ] iteration_starting             iteration=1
2026-03-24 16:52:20 [debug    ] tournament_starting            tournament_id=selfplay-2cf4e4da
/home/babbitt/workspace/angzarr/examples-python/main/ai_player/models/poker_net.py:123: UserWarning: To copy construct from a tensor, it is recommended to use sourceTensor.detach().clone() or sourceTensor.detach().clone().requires_grad_(True), rather than torch.tensor(sourceTensor).
  x = torch.tensor(state, dtype=torch.float32, device=self._device)
2026-03-24 16:52:57 [debug    ] tournament_complete            hands=100 tournament_id=selfplay-2cf4e4da winner=Alice
2026-03-24 16:52:57 [debug    ] tournament_starting            tournament_id=selfplay-4dd20cae
2026-03-24 16:53:41 [debug    ] tournament_complete            hands=100 tournament_id=selfplay-4dd20cae winner=Dave
2026-03-24 16:53:41 [debug    ] tournament_starting            tournament_id=selfplay-fc47078b
2026-03-24 16:54:26 [debug    ] tournament_complete            hands=100 tournament_id=selfplay-fc47078b winner=Carol
2026-03-24 16:54:26 [info     ] training_phase                 iteration=1
/tmp/whatif_venv/lib/python3.13/site-packages/torch/autograd/graph.py:869: UserWarning: CUDA initialization: The NVIDIA driver on your system is too old (found version 12040). Please update your GPU driver by downloading and installing a new version from the URL: http://www.nvidia.com/Download/index.aspx Alternatively, go to: https://pytorch.org to install a PyTorch version that has been compiled with your version of the CUDA driver. (Triggered internally at /pytorch/c10/cuda/CUDAFunctions.cpp:119.)
  return Variable._execution_engine.run_backward(  # Calls into the C++ engine to run the backward pass
2026-03-24 16:54:28 [info     ] epoch_complete                 avg_loss=5.1811 epoch=1 num_batches=169 policy_loss=1.1837 value_loss=8.0166
2026-03-24 16:54:28 [info     ] epoch_complete                 avg_loss=5.1859 epoch=2 num_batches=169 policy_loss=1.1834 value_loss=8.0269
2026-03-24 16:54:29 [info     ] epoch_complete                 avg_loss=5.1841 epoch=3 num_batches=169 policy_loss=1.183 value_loss=8.024
2026-03-24 16:54:29 [debug    ] agent_trained                  agent=Alice avg_loss=5.1837 epochs=3
2026-03-24 16:54:30 [info     ] epoch_complete                 avg_loss=4.8751 epoch=1 num_batches=169 policy_loss=0.8806 value_loss=8.0106
2026-03-24 16:54:30 [info     ] epoch_complete                 avg_loss=4.8808 epoch=2 num_batches=169 policy_loss=0.8804 value_loss=8.0222
2026-03-24 16:54:31 [info     ] epoch_complete                 avg_loss=4.8725 epoch=3 num_batches=169 policy_loss=0.8798 value_loss=8.0069
2026-03-24 16:54:31 [debug    ] agent_trained                  agent=Bob avg_loss=4.8761 epochs=3
2026-03-24 16:54:31 [info     ] epoch_complete                 avg_loss=5.1446 epoch=1 num_batches=169 policy_loss=1.0984 value_loss=8.1143
2026-03-24 16:54:32 [info     ] epoch_complete                 avg_loss=5.1459 epoch=2 num_batches=169 policy_loss=1.0981 value_loss=8.1173
2026-03-24 16:54:33 [info     ] epoch_complete                 avg_loss=5.1464 epoch=3 num_batches=169 policy_loss=1.0984 value_loss=8.1179
2026-03-24 16:54:33 [debug    ] agent_trained                  agent=Carol avg_loss=5.1456 epochs=3
2026-03-24 16:54:34 [info     ] epoch_complete                 avg_loss=5.1546 epoch=1 num_batches=169 policy_loss=1.1615 value_loss=8.0079
2026-03-24 16:54:35 [info     ] epoch_complete                 avg_loss=5.1547 epoch=2 num_batches=169 policy_loss=1.162 value_loss=8.0074
2026-03-24 16:54:36 [info     ] epoch_complete                 avg_loss=5.1548 epoch=3 num_batches=169 policy_loss=1.1621 value_loss=8.0074
2026-03-24 16:54:36 [debug    ] agent_trained                  agent=Dave avg_loss=5.1547 epochs=3
2026-03-24 16:54:37 [info     ] epoch_complete                 avg_loss=4.9355 epoch=1 num_batches=169 policy_loss=0.9474 value_loss=7.9978
2026-03-24 16:54:37 [info     ] epoch_complete                 avg_loss=4.9493 epoch=2 num_batches=169 policy_loss=0.9484 value_loss=8.0235
2026-03-24 16:54:38 [info     ] epoch_complete                 avg_loss=4.945 epoch=3 num_batches=169 policy_loss=0.9492 value_loss=8.0134
2026-03-24 16:54:38 [debug    ] agent_trained                  agent=Eve avg_loss=4.9432 epochs=3
2026-03-24 16:54:39 [info     ] epoch_complete                 avg_loss=5.1069 epoch=1 num_batches=169 policy_loss=1.102 value_loss=8.0316
2026-03-24 16:54:39 [info     ] epoch_complete                 avg_loss=5.1057 epoch=2 num_batches=169 policy_loss=1.103 value_loss=8.0273
2026-03-24 16:54:40 [info     ] epoch_complete                 avg_loss=5.106 epoch=3 num_batches=169 policy_loss=1.1022 value_loss=8.0293
2026-03-24 16:54:40 [debug    ] agent_trained                  agent=Frank avg_loss=5.1062 epochs=3
2026-03-24 16:54:41 [info     ] epoch_complete                 avg_loss=5.2073 epoch=1 num_batches=169 policy_loss=1.2149 value_loss=8.0067
2026-03-24 16:54:41 [info     ] epoch_complete                 avg_loss=5.2117 epoch=2 num_batches=169 policy_loss=1.2148 value_loss=8.0155
2026-03-24 16:54:42 [info     ] epoch_complete                 avg_loss=5.2095 epoch=3 num_batches=169 policy_loss=1.2157 value_loss=8.0095
2026-03-24 16:54:42 [debug    ] agent_trained                  agent=Grace avg_loss=5.2095 epochs=3
2026-03-24 16:54:43 [info     ] epoch_complete                 avg_loss=4.8193 epoch=1 num_batches=169 policy_loss=0.8205 value_loss=8.019
2026-03-24 16:54:43 [info     ] epoch_complete                 avg_loss=4.8177 epoch=2 num_batches=169 policy_loss=0.8211 value_loss=8.0146
2026-03-24 16:54:44 [info     ] epoch_complete                 avg_loss=4.8179 epoch=3 num_batches=169 policy_loss=0.8196 value_loss=8.0181
2026-03-24 16:54:44 [debug    ] agent_trained                  agent=Hank avg_loss=4.8183 epochs=3
2026-03-24 16:54:45 [info     ] epoch_complete                 avg_loss=5.3339 epoch=1 num_batches=169 policy_loss=1.3423 value_loss=8.0045
2026-03-24 16:54:45 [info     ] epoch_complete                 avg_loss=5.3346 epoch=2 num_batches=169 policy_loss=1.3424 value_loss=8.0057
2026-03-24 16:54:46 [info     ] epoch_complete                 avg_loss=5.3369 epoch=3 num_batches=169 policy_loss=1.3428 value_loss=8.0096
2026-03-24 16:54:46 [debug    ] agent_trained                  agent=Ivan avg_loss=5.3351 epochs=3
2026-03-24 16:54:46 [info     ] winner_weights_shared          alpha=0.5 learners=8 winner=agent_alice
2026-03-24 16:54:46 [info     ] winner_teaches                 winner=Alice wins_this_iteration=1
2026-03-24 16:54:46 [info     ] iteration_complete             best_agent=Dave best_bb_per_100=23.0 iteration=1

=== Agent Leaderboard ===
Rank  Agent      BB/100     Win Rate   Tournaments  Hands     
------------------------------------------------------------
1     Dave          23.00    33.3%          3        300
2     Carol         20.00    33.3%          3        300
3     Alice         14.00    33.3%          3        300
4     Hank           2.00     0.0%          3        300
5     Ivan           2.00     0.0%          3        300
6     Bob           -7.00     0.0%          3        300
7     Eve          -13.00     0.0%          3        300
8     Frank        -16.00     0.0%          3        300
9     Grace        -25.00     0.0%          3        300

2026-03-24 16:54:46 [info     ] target_reached                 bb_per_100=23.0
2026-03-24 16:54:46 [info     ] models_saved                   best_agent=Dave best_bb_per_100=23.0 suffix=final
2026-03-24 16:54:46 [info     ] selfplay_complete              best_agent=Dave best_bb_per_100=23.0 iterations=1

Best Agent: Dave
BB/100: 23.00
Win Rate: 33.3%
Model saved to: ./models/selfplay/best_model.pt
