2026-03-24 18:49:47 [debug    ] model_registered               model_id=agent_alice
2026-03-24 18:49:47 [debug    ] model_registered               model_id=agent_bob
2026-03-24 18:49:47 [debug    ] model_registered               model_id=agent_carol
2026-03-24 18:49:47 [debug    ] model_registered               model_id=agent_dave
2026-03-24 18:49:47 [debug    ] model_registered               model_id=agent_eve
2026-03-24 18:49:47 [debug    ] model_registered               model_id=agent_frank
2026-03-24 18:49:47 [debug    ] model_registered               model_id=agent_grace
2026-03-24 18:49:47 [debug    ] model_registered               model_id=agent_hank
2026-03-24 18:49:47 [debug    ] model_registered               model_id=agent_ivan
2026-03-24 18:49:47 [info     ] agents_initialized             count=9
2026-03-24 18:49:47 [info     ] selfplay_starting              max_iterations=15 num_players=9 tournaments_per_iter=3
2026-03-24 18:49:47 [info     ] iteration_starting             iteration=1
2026-03-24 18:49:47 [debug    ] tournament_starting            tournament_id=selfplay-70773d55
/home/babbitt/workspace/angzarr/examples-python/main/ai_player/models/poker_net.py:123: UserWarning: To copy construct from a tensor, it is recommended to use sourceTensor.detach().clone() or sourceTensor.detach().clone().requires_grad_(True), rather than torch.tensor(sourceTensor).
  x = torch.tensor(state, dtype=torch.float32, device=self._device)
2026-03-24 18:49:51 [debug    ] tournament_complete            hands=24 tournament_id=selfplay-70773d55 winner=Ivan
2026-03-24 18:49:51 [debug    ] tournament_starting            tournament_id=selfplay-95633001
2026-03-24 18:49:51 [debug    ] tournament_complete            hands=3 tournament_id=selfplay-95633001 winner=Hank
2026-03-24 18:49:51 [debug    ] tournament_starting            tournament_id=selfplay-328dfe09
2026-03-24 18:50:06 [debug    ] tournament_complete            hands=31 tournament_id=selfplay-328dfe09 winner=Alice
2026-03-24 18:50:06 [info     ] training_phase                 iteration=1
/tmp/whatif_venv/lib/python3.13/site-packages/torch/autograd/graph.py:869: UserWarning: CUDA initialization: The NVIDIA driver on your system is too old (found version 12040). Please update your GPU driver by downloading and installing a new version from the URL: http://www.nvidia.com/Download/index.aspx Alternatively, go to: https://pytorch.org to install a PyTorch version that has been compiled with your version of the CUDA driver. (Triggered internally at /pytorch/c10/cuda/CUDAFunctions.cpp:119.)
  return Variable._execution_engine.run_backward(  # Calls into the C++ engine to run the backward pass
2026-03-24 18:50:07 [info     ] epoch_complete                 avg_loss=4439.7898 epoch=1 num_batches=10 policy_loss=1.1233 value_loss=8877.3545
2026-03-24 18:50:07 [info     ] epoch_complete                 avg_loss=4947.6899 epoch=2 num_batches=10 policy_loss=1.1222 value_loss=9893.1571
2026-03-24 18:50:07 [info     ] epoch_complete                 avg_loss=4463.7635 epoch=3 num_batches=10 policy_loss=1.1222 value_loss=8925.3044
2026-03-24 18:50:07 [debug    ] agent_trained                  agent=Alice avg_loss=4617.0811 epochs=3
2026-03-24 18:50:07 [info     ] epoch_complete                 avg_loss=4814.4557 epoch=1 num_batches=10 policy_loss=1.0138 value_loss=9626.9053
2026-03-24 18:50:07 [info     ] epoch_complete                 avg_loss=4438.9987 epoch=2 num_batches=10 policy_loss=1.0195 value_loss=8875.9801
2026-03-24 18:50:07 [info     ] epoch_complete                 avg_loss=4483.6242 epoch=3 num_batches=10 policy_loss=1.0206 value_loss=8965.2289
2026-03-24 18:50:07 [debug    ] agent_trained                  agent=Bob avg_loss=4579.0262 epochs=3
2026-03-24 18:50:07 [info     ] epoch_complete                 avg_loss=4954.974 epoch=1 num_batches=10 policy_loss=1.2487 value_loss=9907.4723
2026-03-24 18:50:07 [info     ] epoch_complete                 avg_loss=4475.9495 epoch=2 num_batches=10 policy_loss=1.2461 value_loss=8949.4283
2026-03-24 18:50:07 [info     ] epoch_complete                 avg_loss=4807.9511 epoch=3 num_batches=10 policy_loss=1.2555 value_loss=9613.4128
2026-03-24 18:50:07 [debug    ] agent_trained                  agent=Carol avg_loss=4746.2915 epochs=3
2026-03-24 18:50:07 [info     ] epoch_complete                 avg_loss=4811.0145 epoch=1 num_batches=10 policy_loss=1.2031 value_loss=9619.6442
2026-03-24 18:50:07 [info     ] epoch_complete                 avg_loss=4430.6288 epoch=2 num_batches=10 policy_loss=1.2063 value_loss=8858.8665
2026-03-24 18:50:07 [info     ] epoch_complete                 avg_loss=5194.1452 epoch=3 num_batches=10 policy_loss=1.2095 value_loss=10385.8932
2026-03-24 18:50:07 [debug    ] agent_trained                  agent=Dave avg_loss=4811.9295 epochs=3
2026-03-24 18:50:07 [info     ] epoch_complete                 avg_loss=4446.5971 epoch=1 num_batches=10 policy_loss=1.0384 value_loss=8891.1389
2026-03-24 18:50:07 [info     ] epoch_complete                 avg_loss=4435.9218 epoch=2 num_batches=10 policy_loss=1.0381 value_loss=8869.7891
2026-03-24 18:50:07 [info     ] epoch_complete                 avg_loss=4432.8679 epoch=3 num_batches=10 policy_loss=1.0396 value_loss=8863.6781
2026-03-24 18:50:07 [debug    ] agent_trained                  agent=Eve avg_loss=4438.4623 epochs=3
2026-03-24 18:50:08 [info     ] epoch_complete                 avg_loss=4468.9646 epoch=1 num_batches=10 policy_loss=1.0985 value_loss=8935.7539
2026-03-24 18:50:08 [info     ] epoch_complete                 avg_loss=4447.3323 epoch=2 num_batches=10 policy_loss=1.0981 value_loss=8892.4902
2026-03-24 18:50:08 [info     ] epoch_complete                 avg_loss=4444.5715 epoch=3 num_batches=10 policy_loss=1.0963 value_loss=8886.9722
2026-03-24 18:50:08 [debug    ] agent_trained                  agent=Frank avg_loss=4453.6228 epochs=3
2026-03-24 18:50:08 [info     ] epoch_complete                 avg_loss=4475.4468 epoch=1 num_batches=10 policy_loss=1.0181 value_loss=8948.8792
2026-03-24 18:50:08 [info     ] epoch_complete                 avg_loss=4481.9025 epoch=2 num_batches=10 policy_loss=1.0225 value_loss=8961.7816
2026-03-24 18:50:08 [info     ] epoch_complete                 avg_loss=4446.547 epoch=3 num_batches=10 policy_loss=1.0219 value_loss=8891.0718
2026-03-24 18:50:08 [debug    ] agent_trained                  agent=Grace avg_loss=4467.9655 epochs=3
2026-03-24 18:50:08 [info     ] epoch_complete                 avg_loss=4854.3674 epoch=1 num_batches=10 policy_loss=1.1016 value_loss=9706.5534
2026-03-24 18:50:08 [info     ] epoch_complete                 avg_loss=4459.29 epoch=2 num_batches=10 policy_loss=1.0989 value_loss=8916.4037
2026-03-24 18:50:08 [info     ] epoch_complete                 avg_loss=4442.7241 epoch=3 num_batches=10 policy_loss=1.0972 value_loss=8883.2754
2026-03-24 18:50:08 [debug    ] agent_trained                  agent=Hank avg_loss=4585.4605 epochs=3
2026-03-24 18:50:08 [info     ] epoch_complete                 avg_loss=4447.8578 epoch=1 num_batches=10 policy_loss=1.2312 value_loss=8893.275
2026-03-24 18:50:08 [info     ] epoch_complete                 avg_loss=4826.2 epoch=2 num_batches=10 policy_loss=1.2247 value_loss=9649.9721
2026-03-24 18:50:08 [info     ] epoch_complete                 avg_loss=4454.0459 epoch=3 num_batches=10 policy_loss=1.229 value_loss=8905.6554
2026-03-24 18:50:08 [debug    ] agent_trained                  agent=Ivan avg_loss=4576.0346 epochs=3
2026-03-24 18:50:08 [info     ] winner_weights_shared          alpha=0.5 learners=8 winner=agent_ivan
2026-03-24 18:50:08 [info     ] winner_teaches                 winner=Ivan wins_this_iteration=1
2026-03-24 18:50:08 [info     ] iteration_complete             best_agent=Alice best_bb_per_100=1034.48 iteration=1

=== Agent Leaderboard ===
Rank  Agent      BB/100     Win Rate   Tournaments  Hands     
------------------------------------------------------------
1     Alice       1034.48    33.3%          3         58
2     Hank        1034.48    33.3%          3         58
3     Ivan        1034.48    33.3%          3         58
4     Bob         -517.24     0.0%          3         58
5     Carol       -517.24     0.0%          3         58
6     Dave        -517.24     0.0%          3         58
7     Eve         -517.24     0.0%          3         58
8     Frank       -517.24     0.0%          3         58
9     Grace       -517.24     0.0%          3         58

2026-03-24 18:50:08 [info     ] iteration_starting             iteration=2
2026-03-24 18:50:08 [debug    ] tournament_starting            tournament_id=selfplay-f1f9e751
/home/babbitt/workspace/angzarr/examples-python/main/ai_player/models/poker_net.py:123: UserWarning: To copy construct from a tensor, it is recommended to use sourceTensor.detach().clone() or sourceTensor.detach().clone().requires_grad_(True), rather than torch.tensor(sourceTensor).
  x = torch.tensor(state, dtype=torch.float32, device=self._device)
2026-03-24 18:50:18 [debug    ] tournament_complete            hands=11 tournament_id=selfplay-f1f9e751 winner=Bob
2026-03-24 18:50:18 [debug    ] tournament_starting            tournament_id=selfplay-982d0df7
2026-03-24 18:50:30 [debug    ] tournament_complete            hands=100 tournament_id=selfplay-982d0df7 winner=Dave
2026-03-24 18:50:30 [debug    ] tournament_starting            tournament_id=selfplay-a59cb12d
2026-03-24 18:50:42 [debug    ] tournament_complete            hands=100 tournament_id=selfplay-a59cb12d winner=Ivan
2026-03-24 18:50:42 [info     ] training_phase                 iteration=2
2026-03-24 18:50:43 [info     ] epoch_complete                 avg_loss=2132.6744 epoch=1 num_batches=40 policy_loss=1.1426 value_loss=4263.0854
2026-03-24 18:50:43 [info     ] epoch_complete                 avg_loss=2134.0429 epoch=2 num_batches=40 policy_loss=1.1434 value_loss=4265.8209
2026-03-24 18:50:43 [info     ] epoch_complete                 avg_loss=2144.3608 epoch=3 num_batches=40 policy_loss=1.1424 value_loss=4286.4586
2026-03-24 18:50:43 [debug    ] agent_trained                  agent=Alice avg_loss=2137.026 epochs=3
2026-03-24 18:50:43 [info     ] epoch_complete                 avg_loss=2132.7998 epoch=1 num_batches=40 policy_loss=1.1631 value_loss=4263.2954
2026-03-24 18:50:43 [info     ] epoch_complete                 avg_loss=2137.6719 epoch=2 num_batches=40 policy_loss=1.1619 value_loss=4273.0417
2026-03-24 18:50:43 [info     ] epoch_complete                 avg_loss=2148.8768 epoch=3 num_batches=40 policy_loss=1.1631 value_loss=4295.4491
2026-03-24 18:50:43 [debug    ] agent_trained                  agent=Bob avg_loss=2139.7828 epochs=3
2026-03-24 18:50:43 [info     ] epoch_complete                 avg_loss=2133.8996 epoch=1 num_batches=40 policy_loss=1.2697 value_loss=4265.2816
2026-03-24 18:50:44 [info     ] epoch_complete                 avg_loss=2144.8235 epoch=2 num_batches=40 policy_loss=1.27 value_loss=4287.1286
2026-03-24 18:50:44 [info     ] epoch_complete                 avg_loss=2425.7739 epoch=3 num_batches=40 policy_loss=1.2689 value_loss=4849.0316
2026-03-24 18:50:44 [debug    ] agent_trained                  agent=Carol avg_loss=2234.8323 epochs=3
2026-03-24 18:50:44 [info     ] epoch_complete                 avg_loss=2132.6697 epoch=1 num_batches=40 policy_loss=1.2201 value_loss=4262.9211
2026-03-24 18:50:44 [info     ] epoch_complete                 avg_loss=2148.0824 epoch=2 num_batches=40 policy_loss=1.2187 value_loss=4293.7492
2026-03-24 18:50:44 [info     ] epoch_complete                 avg_loss=2133.0387 epoch=3 num_batches=40 policy_loss=1.2188 value_loss=4263.6616
2026-03-24 18:50:44 [debug    ] agent_trained                  agent=Dave avg_loss=2137.9303 epochs=3
2026-03-24 18:50:44 [info     ] epoch_complete                 avg_loss=2141.256 epoch=1 num_batches=40 policy_loss=1.1702 value_loss=4280.1933
2026-03-24 18:50:44 [info     ] epoch_complete                 avg_loss=2427.6571 epoch=2 num_batches=40 policy_loss=1.1697 value_loss=4852.9966
2026-03-24 18:50:44 [info     ] epoch_complete                 avg_loss=2134.3668 epoch=3 num_batches=40 policy_loss=1.1699 value_loss=4266.4155
2026-03-24 18:50:44 [debug    ] agent_trained                  agent=Eve avg_loss=2234.4266 epochs=3
2026-03-24 18:50:45 [info     ] epoch_complete                 avg_loss=2133.1745 epoch=1 num_batches=40 policy_loss=1.1084 value_loss=4264.1539
2026-03-24 18:50:45 [info     ] epoch_complete                 avg_loss=2136.3055 epoch=2 num_batches=40 policy_loss=1.1088 value_loss=4270.4153
2026-03-24 18:50:45 [info     ] epoch_complete                 avg_loss=2516.1803 epoch=3 num_batches=40 policy_loss=1.1087 value_loss=5030.1651
2026-03-24 18:50:45 [debug    ] agent_trained                  agent=Frank avg_loss=2261.8868 epochs=3
2026-03-24 18:50:45 [info     ] epoch_complete                 avg_loss=2133.3022 epoch=1 num_batches=40 policy_loss=1.1182 value_loss=4264.3898
2026-03-24 18:50:45 [info     ] epoch_complete                 avg_loss=2140.744 epoch=2 num_batches=40 policy_loss=1.1193 value_loss=4279.2712
2026-03-24 18:50:45 [info     ] epoch_complete                 avg_loss=2428.2117 epoch=3 num_batches=40 policy_loss=1.1173 value_loss=4854.2107
2026-03-24 18:50:45 [debug    ] agent_trained                  agent=Grace avg_loss=2234.0859 epochs=3
2026-03-24 18:50:45 [info     ] epoch_complete                 avg_loss=2143.5281 epoch=1 num_batches=40 policy_loss=1.2056 value_loss=4284.6668
2026-03-24 18:50:45 [info     ] epoch_complete                 avg_loss=2136.9298 epoch=2 num_batches=40 policy_loss=1.2061 value_loss=4271.4693
2026-03-24 18:50:46 [info     ] epoch_complete                 avg_loss=2134.6019 epoch=3 num_batches=40 policy_loss=1.2063 value_loss=4266.813
2026-03-24 18:50:46 [debug    ] agent_trained                  agent=Hank avg_loss=2138.3533 epochs=3
2026-03-24 18:50:46 [info     ] epoch_complete                 avg_loss=2142.0871 epoch=1 num_batches=40 policy_loss=1.235 value_loss=4281.7258
2026-03-24 18:50:46 [info     ] epoch_complete                 avg_loss=2514.2664 epoch=2 num_batches=40 policy_loss=1.2391 value_loss=5026.0764
2026-03-24 18:50:46 [info     ] epoch_complete                 avg_loss=2434.1764 epoch=3 num_batches=40 policy_loss=1.2379 value_loss=4865.8985
2026-03-24 18:50:46 [debug    ] agent_trained                  agent=Ivan avg_loss=2363.51 epochs=3
2026-03-24 18:50:46 [info     ] winner_weights_shared          alpha=0.5 learners=8 winner=agent_bob
2026-03-24 18:50:46 [info     ] winner_teaches                 winner=Bob wins_this_iteration=1
2026-03-24 18:50:46 [info     ] iteration_complete             best_agent=Ivan best_bb_per_100=418.62 iteration=2

=== Agent Leaderboard ===
Rank  Agent      BB/100     Win Rate   Tournaments  Hands     
------------------------------------------------------------
1     Ivan         418.62    33.3%          6        269
2     Bob          160.67    16.7%          6        269
3     Alice        111.52    16.7%          6        269
4     Hank         111.52    16.7%          6        269
5     Dave          89.85    16.7%          6        269
6     Carol       -223.05     0.0%          6        269
7     Eve         -223.05     0.0%          6        269
8     Frank       -223.05     0.0%          6        269
9     Grace       -223.05     0.0%          6        269

2026-03-24 18:50:46 [info     ] iteration_starting             iteration=3
2026-03-24 18:50:46 [debug    ] tournament_starting            tournament_id=selfplay-cc26bba1
2026-03-24 18:50:46 [debug    ] tournament_complete            hands=2 tournament_id=selfplay-cc26bba1 winner=Dave
2026-03-24 18:50:46 [debug    ] tournament_starting            tournament_id=selfplay-0366eb19
2026-03-24 18:50:58 [debug    ] tournament_complete            hands=100 tournament_id=selfplay-0366eb19 winner=Hank
2026-03-24 18:50:58 [debug    ] tournament_starting            tournament_id=selfplay-ac4fa3b9
2026-03-24 18:51:11 [debug    ] tournament_complete            hands=100 tournament_id=selfplay-ac4fa3b9 winner=Carol
2026-03-24 18:51:11 [info     ] training_phase                 iteration=3
2026-03-24 18:51:11 [info     ] epoch_complete                 avg_loss=1836.7782 epoch=1 num_batches=70 policy_loss=1.1524 value_loss=3671.2732
2026-03-24 18:51:11 [info     ] epoch_complete                 avg_loss=1838.0832 epoch=2 num_batches=70 policy_loss=1.1529 value_loss=3673.8824
2026-03-24 18:51:11 [info     ] epoch_complete                 avg_loss=1837.6288 epoch=3 num_batches=70 policy_loss=1.1521 value_loss=3672.9752
2026-03-24 18:51:11 [debug    ] agent_trained                  agent=Alice avg_loss=1837.4967 epochs=3
2026-03-24 18:51:11 [info     ] epoch_complete                 avg_loss=1837.1737 epoch=1 num_batches=70 policy_loss=1.16 value_loss=3672.0491
2026-03-24 18:51:12 [info     ] epoch_complete                 avg_loss=1835.2486 epoch=2 num_batches=70 policy_loss=1.1609 value_loss=3668.1971
2026-03-24 18:51:12 [info     ] epoch_complete                 avg_loss=1835.4663 epoch=3 num_batches=70 policy_loss=1.1618 value_loss=3668.6307
2026-03-24 18:51:12 [debug    ] agent_trained                  agent=Bob avg_loss=1835.9628 epochs=3
2026-03-24 18:51:12 [info     ] epoch_complete                 avg_loss=1920.7144 epoch=1 num_batches=70 policy_loss=1.1878 value_loss=3839.0751
2026-03-24 18:51:12 [info     ] epoch_complete                 avg_loss=1835.2232 epoch=2 num_batches=70 policy_loss=1.1881 value_loss=3668.0919
2026-03-24 18:51:12 [info     ] epoch_complete                 avg_loss=1834.9478 epoch=3 num_batches=70 policy_loss=1.1877 value_loss=3667.5421
2026-03-24 18:51:12 [debug    ] agent_trained                  agent=Carol avg_loss=1863.6285 epochs=3
2026-03-24 18:51:13 [info     ] epoch_complete                 avg_loss=1836.8011 epoch=1 num_batches=70 policy_loss=1.1606 value_loss=3671.3027
2026-03-24 18:51:13 [info     ] epoch_complete                 avg_loss=1835.8356 epoch=2 num_batches=70 policy_loss=1.161 value_loss=3669.3711
2026-03-24 18:51:13 [info     ] epoch_complete                 avg_loss=1834.7499 epoch=3 num_batches=70 policy_loss=1.1603 value_loss=3667.2011
2026-03-24 18:51:13 [debug    ] agent_trained                  agent=Dave avg_loss=1835.7955 epochs=3
2026-03-24 18:51:13 [info     ] epoch_complete                 avg_loss=1834.4027 epoch=1 num_batches=70 policy_loss=1.178 value_loss=3666.4711
2026-03-24 18:51:13 [info     ] epoch_complete                 avg_loss=1835.2694 epoch=2 num_batches=70 policy_loss=1.1776 value_loss=3668.2055
2026-03-24 18:51:14 [info     ] epoch_complete                 avg_loss=1921.8506 epoch=3 num_batches=70 policy_loss=1.1775 value_loss=3841.368
2026-03-24 18:51:14 [debug    ] agent_trained                  agent=Eve avg_loss=1863.8409 epochs=3
2026-03-24 18:51:14 [info     ] epoch_complete                 avg_loss=1842.1807 epoch=1 num_batches=70 policy_loss=1.1327 value_loss=3682.118
2026-03-24 18:51:14 [info     ] epoch_complete                 avg_loss=1834.1313 epoch=2 num_batches=70 policy_loss=1.1322 value_loss=3666.02
2026-03-24 18:51:14 [info     ] epoch_complete                 avg_loss=1837.9572 epoch=3 num_batches=70 policy_loss=1.1323 value_loss=3673.6716
2026-03-24 18:51:14 [debug    ] agent_trained                  agent=Frank avg_loss=1838.0897 epochs=3
2026-03-24 18:51:14 [info     ] epoch_complete                 avg_loss=1837.8699 epoch=1 num_batches=70 policy_loss=1.1496 value_loss=3673.4624
2026-03-24 18:51:15 [info     ] epoch_complete                 avg_loss=1836.2622 epoch=2 num_batches=70 policy_loss=1.1495 value_loss=3670.2471
2026-03-24 18:51:15 [info     ] epoch_complete                 avg_loss=1905.8588 epoch=3 num_batches=70 policy_loss=1.1495 value_loss=3809.4404
2026-03-24 18:51:15 [debug    ] agent_trained                  agent=Grace avg_loss=1859.9969 epochs=3
2026-03-24 18:51:15 [info     ] epoch_complete                 avg_loss=1834.8652 epoch=1 num_batches=70 policy_loss=1.1842 value_loss=3667.3839
2026-03-24 18:51:15 [info     ] epoch_complete                 avg_loss=1837.282 epoch=2 num_batches=70 policy_loss=1.1835 value_loss=3672.2189
2026-03-24 18:51:15 [info     ] epoch_complete                 avg_loss=1834.4431 epoch=3 num_batches=70 policy_loss=1.1837 value_loss=3666.5406
2026-03-24 18:51:15 [debug    ] agent_trained                  agent=Hank avg_loss=1835.5301 epochs=3
2026-03-24 18:51:16 [info     ] epoch_complete                 avg_loss=1945.2702 epoch=1 num_batches=70 policy_loss=1.1964 value_loss=3888.1696
2026-03-24 18:51:16 [info     ] epoch_complete                 avg_loss=1835.1971 epoch=2 num_batches=70 policy_loss=1.197 value_loss=3668.0221
2026-03-24 18:51:16 [info     ] epoch_complete                 avg_loss=1837.468 epoch=3 num_batches=70 policy_loss=1.1963 value_loss=3672.5651
2026-03-24 18:51:16 [debug    ] agent_trained                  agent=Ivan avg_loss=1872.6451 epochs=3
2026-03-24 18:51:16 [info     ] winner_weights_shared          alpha=0.5 learners=8 winner=agent_dave
2026-03-24 18:51:16 [info     ] winner_teaches                 winner=Dave wins_this_iteration=1
2026-03-24 18:51:16 [info     ] iteration_complete             best_agent=Ivan best_bb_per_100=232.55 iteration=3

=== Agent Leaderboard ===
Rank  Agent      BB/100     Win Rate   Tournaments  Hands     
------------------------------------------------------------
1     Ivan         232.55    22.2%          9        471
2     Dave         178.70    22.2%          9        471
3     Hank         133.93    22.2%          9        471
4     Bob          105.24    11.1%          9        471
5     Alice          0.00    11.1%          9        471
6     Carol        -77.18    11.1%          9        471
7     Eve         -191.08     0.0%          9        471
8     Frank       -191.08     0.0%          9        471
9     Grace       -191.08     0.0%          9        471

2026-03-24 18:51:16 [info     ] iteration_starting             iteration=4
2026-03-24 18:51:16 [debug    ] tournament_starting            tournament_id=selfplay-b7353aa1
2026-03-24 18:51:28 [debug    ] tournament_complete            hands=100 tournament_id=selfplay-b7353aa1 winner=Alice
2026-03-24 18:51:28 [debug    ] tournament_starting            tournament_id=selfplay-2727d87a
2026-03-24 18:51:44 [debug    ] tournament_complete            hands=100 tournament_id=selfplay-2727d87a winner=Ivan
2026-03-24 18:51:44 [debug    ] tournament_starting            tournament_id=selfplay-413378d4
2026-03-24 18:51:58 [debug    ] tournament_complete            hands=100 tournament_id=selfplay-413378d4 winner=Frank
2026-03-24 18:51:58 [info     ] training_phase                 iteration=4
2026-03-24 18:51:58 [info     ] epoch_complete                 avg_loss=1693.1498 epoch=1 num_batches=124 policy_loss=1.1555 value_loss=3384.0104
2026-03-24 18:51:58 [info     ] epoch_complete                 avg_loss=1693.0218 epoch=2 num_batches=124 policy_loss=1.1554 value_loss=3383.7548
2026-03-24 18:51:59 [info     ] epoch_complete                 avg_loss=1692.446 epoch=3 num_batches=124 policy_loss=1.1553 value_loss=3382.6033
2026-03-24 18:51:59 [debug    ] agent_trained                  agent=Alice avg_loss=1692.8725 epochs=3
2026-03-24 18:51:59 [info     ] epoch_complete                 avg_loss=1692.1131 epoch=1 num_batches=124 policy_loss=1.1611 value_loss=3381.9258
2026-03-24 18:52:00 [info     ] epoch_complete                 avg_loss=1691.0991 epoch=2 num_batches=124 policy_loss=1.1613 value_loss=3379.8975
2026-03-24 18:52:00 [info     ] epoch_complete                 avg_loss=1693.4152 epoch=3 num_batches=124 policy_loss=1.1612 value_loss=3384.53
2026-03-24 18:52:00 [debug    ] agent_trained                  agent=Bob avg_loss=1692.2091 epochs=3
2026-03-24 18:52:00 [info     ] epoch_complete                 avg_loss=1694.1481 epoch=1 num_batches=124 policy_loss=1.1746 value_loss=3385.9689
2026-03-24 18:52:01 [info     ] epoch_complete                 avg_loss=1733.5064 epoch=2 num_batches=124 policy_loss=1.1748 value_loss=3464.6849
2026-03-24 18:52:01 [info     ] epoch_complete                 avg_loss=1694.8669 epoch=3 num_batches=124 policy_loss=1.1749 value_loss=3387.4059
2026-03-24 18:52:01 [debug    ] agent_trained                  agent=Carol avg_loss=1707.5071 epochs=3
2026-03-24 18:52:02 [info     ] epoch_complete                 avg_loss=1725.2087 epoch=1 num_batches=124 policy_loss=1.1649 value_loss=3448.1094
2026-03-24 18:52:02 [info     ] epoch_complete                 avg_loss=1700.5854 epoch=2 num_batches=124 policy_loss=1.1646 value_loss=3398.8636
2026-03-24 18:52:03 [info     ] epoch_complete                 avg_loss=1693.0382 epoch=3 num_batches=124 policy_loss=1.1649 value_loss=3383.7684
2026-03-24 18:52:03 [debug    ] agent_trained                  agent=Dave avg_loss=1706.2774 epochs=3
2026-03-24 18:52:03 [info     ] epoch_complete                 avg_loss=1695.6428 epoch=1 num_batches=124 policy_loss=1.1711 value_loss=3388.9653
2026-03-24 18:52:04 [info     ] epoch_complete                 avg_loss=1691.2454 epoch=2 num_batches=124 policy_loss=1.1716 value_loss=3380.1695
2026-03-24 18:52:04 [info     ] epoch_complete                 avg_loss=1694.5649 epoch=3 num_batches=124 policy_loss=1.1715 value_loss=3386.8087
2026-03-24 18:52:04 [debug    ] agent_trained                  agent=Eve avg_loss=1693.8177 epochs=3
2026-03-24 18:52:04 [info     ] epoch_complete                 avg_loss=1694.2034 epoch=1 num_batches=124 policy_loss=1.1433 value_loss=3386.1421
2026-03-24 18:52:05 [info     ] epoch_complete                 avg_loss=1696.0531 epoch=2 num_batches=124 policy_loss=1.1429 value_loss=3389.8425
2026-03-24 18:52:05 [info     ] epoch_complete                 avg_loss=1691.069 epoch=3 num_batches=124 policy_loss=1.1434 value_loss=3379.8731
2026-03-24 18:52:05 [debug    ] agent_trained                  agent=Frank avg_loss=1693.7752 epochs=3
2026-03-24 18:52:06 [info     ] epoch_complete                 avg_loss=1724.0703 epoch=1 num_batches=124 policy_loss=1.155 value_loss=3445.8525
2026-03-24 18:52:06 [info     ] epoch_complete                 avg_loss=1693.0942 epoch=2 num_batches=124 policy_loss=1.1558 value_loss=3383.8988
2026-03-24 18:52:06 [info     ] epoch_complete                 avg_loss=1734.6152 epoch=3 num_batches=124 policy_loss=1.1556 value_loss=3466.9411
2026-03-24 18:52:06 [debug    ] agent_trained                  agent=Grace avg_loss=1717.2599 epochs=3
2026-03-24 18:52:07 [info     ] epoch_complete                 avg_loss=1693.4734 epoch=1 num_batches=124 policy_loss=1.1723 value_loss=3384.6241
2026-03-24 18:52:08 [info     ] epoch_complete                 avg_loss=1691.6943 epoch=2 num_batches=124 policy_loss=1.1724 value_loss=3381.0656
2026-03-24 18:52:08 [info     ] epoch_complete                 avg_loss=1695.248 epoch=3 num_batches=124 policy_loss=1.1722 value_loss=3388.1734
2026-03-24 18:52:08 [debug    ] agent_trained                  agent=Hank avg_loss=1693.4719 epochs=3
2026-03-24 18:52:09 [info     ] epoch_complete                 avg_loss=1693.4336 epoch=1 num_batches=124 policy_loss=1.1769 value_loss=3384.5353
2026-03-24 18:52:09 [info     ] epoch_complete                 avg_loss=1691.024 epoch=2 num_batches=124 policy_loss=1.177 value_loss=3379.716
2026-03-24 18:52:10 [info     ] epoch_complete                 avg_loss=1692.5707 epoch=3 num_batches=124 policy_loss=1.1773 value_loss=3382.8088
2026-03-24 18:52:10 [debug    ] agent_trained                  agent=Ivan avg_loss=1692.3428 epochs=3
2026-03-24 18:52:10 [info     ] winner_weights_shared          alpha=0.5 learners=8 winner=agent_alice
2026-03-24 18:52:10 [info     ] winner_teaches                 winner=Alice wins_this_iteration=1
2026-03-24 18:52:10 [info     ] iteration_complete             best_agent=Ivan best_bb_per_100=170.92 iteration=4

=== Agent Leaderboard ===
Rank  Agent      BB/100     Win Rate   Tournaments  Hands     
------------------------------------------------------------
1     Ivan         170.92    25.0%         12        771
2     Dave          70.26    16.7%         12        771
3     Alice         58.16    16.7%         12        771
4     Hank          42.91    16.7%         12        771
5     Bob           25.38     8.3%         12        771
6     Frank        -48.85     8.3%         12        771
7     Carol        -56.46     8.3%         12        771
8     Grace       -106.68     0.0%         12        771
9     Eve         -155.64     0.0%         12        771

2026-03-24 18:52:10 [info     ] iteration_starting             iteration=5
2026-03-24 18:52:10 [debug    ] tournament_starting            tournament_id=selfplay-7742a3da
2026-03-24 18:52:21 [debug    ] tournament_complete            hands=100 tournament_id=selfplay-7742a3da winner=Grace
2026-03-24 18:52:21 [debug    ] tournament_starting            tournament_id=selfplay-65bced8b
2026-03-24 18:52:25 [debug    ] tournament_complete            hands=36 tournament_id=selfplay-65bced8b winner=Hank
2026-03-24 18:52:25 [debug    ] tournament_starting            tournament_id=selfplay-97a8b5a4
2026-03-24 18:52:37 [debug    ] tournament_complete            hands=100 tournament_id=selfplay-97a8b5a4 winner=Carol
2026-03-24 18:52:37 [info     ] training_phase                 iteration=5
2026-03-24 18:52:38 [info     ] epoch_complete                 avg_loss=1548.5811 epoch=1 num_batches=156 policy_loss=1.1561 value_loss=3094.8718
2026-03-24 18:52:38 [info     ] epoch_complete                 avg_loss=1546.7696 epoch=2 num_batches=156 policy_loss=1.1561 value_loss=3091.2489
2026-03-24 18:52:39 [info     ] epoch_complete                 avg_loss=1546.748 epoch=3 num_batches=156 policy_loss=1.1561 value_loss=3091.2056
2026-03-24 18:52:39 [debug    ] agent_trained                  agent=Alice avg_loss=1547.3663 epochs=3
2026-03-24 18:52:39 [info     ] epoch_complete                 avg_loss=1548.8191 epoch=1 num_batches=156 policy_loss=1.1604 value_loss=3095.3392
2026-03-24 18:52:40 [info     ] epoch_complete                 avg_loss=1548.4211 epoch=2 num_batches=156 policy_loss=1.1601 value_loss=3094.5438
2026-03-24 18:52:40 [info     ] epoch_complete                 avg_loss=1551.4543 epoch=3 num_batches=156 policy_loss=1.1606 value_loss=3100.6092
2026-03-24 18:52:40 [debug    ] agent_trained                  agent=Bob avg_loss=1549.5648 epochs=3
2026-03-24 18:52:41 [info     ] epoch_complete                 avg_loss=1547.6928 epoch=1 num_batches=156 policy_loss=1.1641 value_loss=3093.0792
2026-03-24 18:52:41 [info     ] epoch_complete                 avg_loss=1549.8785 epoch=2 num_batches=156 policy_loss=1.1641 value_loss=3097.4508
2026-03-24 18:52:42 [info     ] epoch_complete                 avg_loss=1546.8044 epoch=3 num_batches=156 policy_loss=1.1639 value_loss=3091.3029
2026-03-24 18:52:42 [debug    ] agent_trained                  agent=Carol avg_loss=1548.1252 epochs=3
2026-03-24 18:52:42 [info     ] epoch_complete                 avg_loss=1546.8535 epoch=1 num_batches=156 policy_loss=1.1585 value_loss=3091.4119
2026-03-24 18:52:42 [info     ] epoch_complete                 avg_loss=1547.7894 epoch=2 num_batches=156 policy_loss=1.1585 value_loss=3093.2838
2026-03-24 18:52:43 [info     ] epoch_complete                 avg_loss=1547.9423 epoch=3 num_batches=156 policy_loss=1.1587 value_loss=3093.589
2026-03-24 18:52:43 [debug    ] agent_trained                  agent=Dave avg_loss=1547.5284 epochs=3
2026-03-24 18:52:43 [info     ] epoch_complete                 avg_loss=1547.3026 epoch=1 num_batches=156 policy_loss=1.1628 value_loss=3092.3016
2026-03-24 18:52:44 [info     ] epoch_complete                 avg_loss=1645.5915 epoch=2 num_batches=156 policy_loss=1.1629 value_loss=3288.8791
2026-03-24 18:52:45 [info     ] epoch_complete                 avg_loss=1571.5925 epoch=3 num_batches=156 policy_loss=1.1632 value_loss=3140.8803
2026-03-24 18:52:45 [debug    ] agent_trained                  agent=Eve avg_loss=1588.1622 epochs=3
2026-03-24 18:52:45 [info     ] epoch_complete                 avg_loss=1547.6775 epoch=1 num_batches=156 policy_loss=1.1503 value_loss=3093.0763
2026-03-24 18:52:46 [info     ] epoch_complete                 avg_loss=1550.8356 epoch=2 num_batches=156 policy_loss=1.1501 value_loss=3099.3929
2026-03-24 18:52:46 [info     ] epoch_complete                 avg_loss=1548.295 epoch=3 num_batches=156 policy_loss=1.1504 value_loss=3094.3112
2026-03-24 18:52:46 [debug    ] agent_trained                  agent=Frank avg_loss=1548.936 epochs=3
2026-03-24 18:52:47 [info     ] epoch_complete                 avg_loss=1546.8792 epoch=1 num_batches=156 policy_loss=1.1559 value_loss=3091.4684
2026-03-24 18:52:47 [info     ] epoch_complete                 avg_loss=1553.1154 epoch=2 num_batches=156 policy_loss=1.1563 value_loss=3103.9399
2026-03-24 18:52:48 [info     ] epoch_complete                 avg_loss=1546.9322 epoch=3 num_batches=156 policy_loss=1.1569 value_loss=3091.5725
2026-03-24 18:52:48 [debug    ] agent_trained                  agent=Grace avg_loss=1548.9756 epochs=3
2026-03-24 18:52:48 [info     ] epoch_complete                 avg_loss=1550.7991 epoch=1 num_batches=156 policy_loss=1.1652 value_loss=3099.2896
2026-03-24 18:52:49 [info     ] epoch_complete                 avg_loss=1558.6401 epoch=2 num_batches=156 policy_loss=1.1651 value_loss=3114.9719
2026-03-24 18:52:49 [info     ] epoch_complete                 avg_loss=1549.0819 epoch=3 num_batches=156 policy_loss=1.1651 value_loss=3095.8555
2026-03-24 18:52:49 [debug    ] agent_trained                  agent=Hank avg_loss=1552.8404 epochs=3
2026-03-24 18:52:50 [info     ] epoch_complete                 avg_loss=1635.4008 epoch=1 num_batches=156 policy_loss=1.165 value_loss=3268.4935
2026-03-24 18:52:50 [info     ] epoch_complete                 avg_loss=1549.4644 epoch=2 num_batches=156 policy_loss=1.1649 value_loss=3096.6208
2026-03-24 18:52:51 [info     ] epoch_complete                 avg_loss=1548.0579 epoch=3 num_batches=156 policy_loss=1.1652 value_loss=3093.8074
2026-03-24 18:52:51 [debug    ] agent_trained                  agent=Ivan avg_loss=1577.6411 epochs=3
2026-03-24 18:52:51 [info     ] winner_weights_shared          alpha=0.5 learners=8 winner=agent_grace
2026-03-24 18:52:51 [info     ] winner_teaches                 winner=Grace wins_this_iteration=1
2026-03-24 18:52:51 [info     ] iteration_complete             best_agent=Ivan best_bb_per_100=116.33 iteration=5

=== Agent Leaderboard ===
Rank  Agent      BB/100     Win Rate   Tournaments  Hands     
------------------------------------------------------------
1     Ivan         116.33    20.0%         15       1007
2     Hank          92.43    20.0%         15       1007
3     Dave          24.00    13.3%         15       1007
4     Alice         14.74    13.3%         15       1007
5     Carol          1.10    13.3%         15       1007
6     Bob           -2.46     6.7%         15       1007
7     Grace        -29.99     6.7%         15       1007
8     Frank        -67.19     6.7%         15       1007
9     Eve         -148.96     0.0%         15       1007

2026-03-24 18:52:51 [info     ] models_saved                   best_agent=Ivan best_bb_per_100=116.33 suffix=iter5
2026-03-24 18:52:51 [info     ] iteration_starting             iteration=6
2026-03-24 18:52:51 [debug    ] tournament_starting            tournament_id=selfplay-84a5571b
2026-03-24 18:52:52 [debug    ] tournament_complete            hands=4 tournament_id=selfplay-84a5571b winner=Bob
2026-03-24 18:52:52 [debug    ] tournament_starting            tournament_id=selfplay-df17310f
2026-03-24 18:52:56 [debug    ] tournament_complete            hands=32 tournament_id=selfplay-df17310f winner=Grace
2026-03-24 18:52:56 [debug    ] tournament_starting            tournament_id=selfplay-60fcde06
2026-03-24 18:53:08 [debug    ] tournament_complete            hands=100 tournament_id=selfplay-60fcde06 winner=Eve
2026-03-24 18:53:08 [info     ] training_phase                 iteration=6
2026-03-24 18:53:08 [info     ] epoch_complete                 avg_loss=1637.0869 epoch=1 num_batches=176 policy_loss=1.1564 value_loss=3271.8829
2026-03-24 18:53:09 [info     ] epoch_complete                 avg_loss=1621.0963 epoch=2 num_batches=176 policy_loss=1.1563 value_loss=3239.9019
2026-03-24 18:53:09 [info     ] epoch_complete                 avg_loss=1618.8701 epoch=3 num_batches=176 policy_loss=1.1564 value_loss=3235.4494
2026-03-24 18:53:09 [debug    ] agent_trained                  agent=Alice avg_loss=1625.6845 epochs=3
2026-03-24 18:53:10 [info     ] epoch_complete                 avg_loss=1625.2463 epoch=1 num_batches=176 policy_loss=1.1593 value_loss=3248.1959
2026-03-24 18:53:10 [info     ] epoch_complete                 avg_loss=1641.3571 epoch=2 num_batches=176 policy_loss=1.1591 value_loss=3280.4179
2026-03-24 18:53:11 [info     ] epoch_complete                 avg_loss=1618.8128 epoch=3 num_batches=176 policy_loss=1.1594 value_loss=3235.3288
2026-03-24 18:53:11 [debug    ] agent_trained                  agent=Bob avg_loss=1628.4721 epochs=3
2026-03-24 18:53:11 [info     ] epoch_complete                 avg_loss=1619.7566 epoch=1 num_batches=176 policy_loss=1.1602 value_loss=3237.2145
2026-03-24 18:53:12 [info     ] epoch_complete                 avg_loss=1619.5259 epoch=2 num_batches=176 policy_loss=1.1616 value_loss=3236.7504
2026-03-24 18:53:12 [info     ] epoch_complete                 avg_loss=1618.9149 epoch=3 num_batches=176 policy_loss=1.1612 value_loss=3235.5294
2026-03-24 18:53:12 [debug    ] agent_trained                  agent=Carol avg_loss=1619.3991 epochs=3
2026-03-24 18:53:13 [info     ] epoch_complete                 avg_loss=1619.0645 epoch=1 num_batches=176 policy_loss=1.1573 value_loss=3235.8364
2026-03-24 18:53:13 [info     ] epoch_complete                 avg_loss=1618.9058 epoch=2 num_batches=176 policy_loss=1.1576 value_loss=3235.5183
2026-03-24 18:53:13 [info     ] epoch_complete                 avg_loss=1619.3803 epoch=3 num_batches=176 policy_loss=1.1576 value_loss=3236.4672
2026-03-24 18:53:13 [debug    ] agent_trained                  agent=Dave avg_loss=1619.1169 epochs=3
2026-03-24 18:53:14 [info     ] epoch_complete                 avg_loss=1637.1646 epoch=1 num_batches=176 policy_loss=1.1599 value_loss=3272.0312
2026-03-24 18:53:15 [info     ] epoch_complete                 avg_loss=1633.9006 epoch=2 num_batches=176 policy_loss=1.1597 value_loss=3265.5036
2026-03-24 18:53:15 [info     ] epoch_complete                 avg_loss=1637.6504 epoch=3 num_batches=176 policy_loss=1.1593 value_loss=3273.004
2026-03-24 18:53:15 [debug    ] agent_trained                  agent=Eve avg_loss=1636.2385 epochs=3
2026-03-24 18:53:16 [info     ] epoch_complete                 avg_loss=1637.4978 epoch=1 num_batches=176 policy_loss=1.1539 value_loss=3272.7098
2026-03-24 18:53:16 [info     ] epoch_complete                 avg_loss=1634.0947 epoch=2 num_batches=176 policy_loss=1.1539 value_loss=3265.9035
2026-03-24 18:53:17 [info     ] epoch_complete                 avg_loss=1619.0903 epoch=3 num_batches=176 policy_loss=1.1539 value_loss=3235.8947
2026-03-24 18:53:17 [debug    ] agent_trained                  agent=Frank avg_loss=1630.2276 epochs=3
2026-03-24 18:53:17 [info     ] epoch_complete                 avg_loss=1621.3478 epoch=1 num_batches=176 policy_loss=1.1567 value_loss=3240.4039
2026-03-24 18:53:18 [info     ] epoch_complete                 avg_loss=1619.5074 epoch=2 num_batches=176 policy_loss=1.1566 value_loss=3236.7235
2026-03-24 18:53:18 [info     ] epoch_complete                 avg_loss=1619.6551 epoch=3 num_batches=176 policy_loss=1.1566 value_loss=3237.0188
2026-03-24 18:53:18 [debug    ] agent_trained                  agent=Grace avg_loss=1620.1701 epochs=3
2026-03-24 18:53:19 [info     ] epoch_complete                 avg_loss=1619.3659 epoch=1 num_batches=176 policy_loss=1.161 value_loss=3236.4316
2026-03-24 18:53:19 [info     ] epoch_complete                 avg_loss=1637.6839 epoch=2 num_batches=176 policy_loss=1.1613 value_loss=3273.0672
2026-03-24 18:53:20 [info     ] epoch_complete                 avg_loss=1619.0251 epoch=3 num_batches=176 policy_loss=1.1609 value_loss=3235.7503
2026-03-24 18:53:20 [debug    ] agent_trained                  agent=Hank avg_loss=1625.3583 epochs=3
2026-03-24 18:53:20 [info     ] epoch_complete                 avg_loss=1619.5776 epoch=1 num_batches=176 policy_loss=1.1609 value_loss=3236.8553
2026-03-24 18:53:21 [info     ] epoch_complete                 avg_loss=1620.438 epoch=2 num_batches=176 policy_loss=1.161 value_loss=3238.5758
2026-03-24 18:53:21 [info     ] epoch_complete                 avg_loss=1619.5868 epoch=3 num_batches=176 policy_loss=1.1609 value_loss=3236.8737
2026-03-24 18:53:21 [debug    ] agent_trained                  agent=Ivan avg_loss=1619.8675 epochs=3
2026-03-24 18:53:21 [info     ] winner_weights_shared          alpha=0.5 learners=8 winner=agent_bob
2026-03-24 18:53:21 [info     ] winner_teaches                 winner=Bob wins_this_iteration=1
2026-03-24 18:53:21 [info     ] iteration_complete             best_agent=Ivan best_bb_per_100=76.24 iteration=6

=== Agent Leaderboard ===
Rank  Agent      BB/100     Win Rate   Tournaments  Hands     
------------------------------------------------------------
1     Ivan          76.24    16.7%         18       1143
2     Hank          55.19    16.7%         18       1143
3     Bob           50.32    11.1%         18       1143
4     Grace         26.07    11.1%         18       1143
5     Dave          -5.10    11.1%         18       1143
6     Carol        -11.29    11.1%         18       1143
7     Alice        -13.26    11.1%         18       1143
8     Frank        -85.44     5.6%         18       1143
9     Eve          -92.73     5.6%         18       1143

2026-03-24 18:53:21 [info     ] iteration_starting             iteration=7
2026-03-24 18:53:21 [debug    ] tournament_starting            tournament_id=selfplay-aee8aefd
2026-03-24 18:53:33 [debug    ] tournament_complete            hands=100 tournament_id=selfplay-aee8aefd winner=Hank
2026-03-24 18:53:33 [debug    ] tournament_starting            tournament_id=selfplay-45775d03
2026-03-24 18:53:45 [debug    ] tournament_complete            hands=100 tournament_id=selfplay-45775d03 winner=Hank
2026-03-24 18:53:45 [debug    ] tournament_starting            tournament_id=selfplay-40a8b7ec
2026-03-24 18:53:57 [debug    ] tournament_complete            hands=100 tournament_id=selfplay-40a8b7ec winner=Bob
2026-03-24 18:53:57 [info     ] training_phase                 iteration=7
2026-03-24 18:53:58 [info     ] epoch_complete                 avg_loss=1672.5863 epoch=1 num_batches=218 policy_loss=1.1583 value_loss=3342.8778
2026-03-24 18:53:59 [info     ] epoch_complete                 avg_loss=1671.1278 epoch=2 num_batches=218 policy_loss=1.1585 value_loss=3339.9605
2026-03-24 18:54:00 [info     ] epoch_complete                 avg_loss=1670.733 epoch=3 num_batches=218 policy_loss=1.158 value_loss=3339.1719
2026-03-24 18:54:00 [debug    ] agent_trained                  agent=Alice avg_loss=1671.4824 epochs=3
2026-03-24 18:54:01 [info     ] epoch_complete                 avg_loss=1671.5771 epoch=1 num_batches=218 policy_loss=1.1594 value_loss=3340.8573
2026-03-24 18:54:01 [info     ] epoch_complete                 avg_loss=1670.6029 epoch=2 num_batches=218 policy_loss=1.1594 value_loss=3338.909
2026-03-24 18:54:02 [info     ] epoch_complete                 avg_loss=1672.4559 epoch=3 num_batches=218 policy_loss=1.1593 value_loss=3342.6151
2026-03-24 18:54:02 [debug    ] agent_trained                  agent=Bob avg_loss=1671.5453 epochs=3
2026-03-24 18:54:03 [info     ] epoch_complete                 avg_loss=1671.5504 epoch=1 num_batches=218 policy_loss=1.1601 value_loss=3340.8025
2026-03-24 18:54:03 [info     ] epoch_complete                 avg_loss=1670.5348 epoch=2 num_batches=218 policy_loss=1.1601 value_loss=3338.7713
2026-03-24 18:54:04 [info     ] epoch_complete                 avg_loss=1671.6478 epoch=3 num_batches=218 policy_loss=1.1601 value_loss=3340.9973
2026-03-24 18:54:04 [debug    ] agent_trained                  agent=Carol avg_loss=1671.2444 epochs=3
2026-03-24 18:54:05 [info     ] epoch_complete                 avg_loss=1671.7614 epoch=1 num_batches=218 policy_loss=1.1585 value_loss=3341.2276
2026-03-24 18:54:06 [info     ] epoch_complete                 avg_loss=1672.3771 epoch=2 num_batches=218 policy_loss=1.1588 value_loss=3342.4584
2026-03-24 18:54:06 [info     ] epoch_complete                 avg_loss=1674.372 epoch=3 num_batches=218 policy_loss=1.1587 value_loss=3346.4486
2026-03-24 18:54:06 [debug    ] agent_trained                  agent=Dave avg_loss=1672.8368 epochs=3
2026-03-24 18:54:07 [info     ] epoch_complete                 avg_loss=1672.0666 epoch=1 num_batches=218 policy_loss=1.1597 value_loss=3341.8356
2026-03-24 18:54:07 [info     ] epoch_complete                 avg_loss=1671.4905 epoch=2 num_batches=218 policy_loss=1.1599 value_loss=3340.6831
2026-03-24 18:54:08 [info     ] epoch_complete                 avg_loss=1672.8334 epoch=3 num_batches=218 policy_loss=1.1596 value_loss=3343.3696
2026-03-24 18:54:08 [debug    ] agent_trained                  agent=Eve avg_loss=1672.1302 epochs=3
2026-03-24 18:54:09 [info     ] epoch_complete                 avg_loss=1671.3377 epoch=1 num_batches=218 policy_loss=1.1571 value_loss=3340.3831
2026-03-24 18:54:09 [info     ] epoch_complete                 avg_loss=1670.64 epoch=2 num_batches=218 policy_loss=1.1569 value_loss=3338.9882
2026-03-24 18:54:10 [info     ] epoch_complete                 avg_loss=1671.3213 epoch=3 num_batches=218 policy_loss=1.1566 value_loss=3340.3513
2026-03-24 18:54:10 [debug    ] agent_trained                  agent=Frank avg_loss=1671.0997 epochs=3
2026-03-24 18:54:11 [info     ] epoch_complete                 avg_loss=1671.3392 epoch=1 num_batches=218 policy_loss=1.158 value_loss=3340.3843
2026-03-24 18:54:11 [info     ] epoch_complete                 avg_loss=1670.5418 epoch=2 num_batches=218 policy_loss=1.1586 value_loss=3338.7882
2026-03-24 18:54:12 [info     ] epoch_complete                 avg_loss=1670.7435 epoch=3 num_batches=218 policy_loss=1.1585 value_loss=3339.1918
2026-03-24 18:54:12 [debug    ] agent_trained                  agent=Grace avg_loss=1670.8748 epochs=3
2026-03-24 18:54:13 [info     ] epoch_complete                 avg_loss=1671.4015 epoch=1 num_batches=218 policy_loss=1.1607 value_loss=3340.5033
2026-03-24 18:54:13 [info     ] epoch_complete                 avg_loss=1670.632 epoch=2 num_batches=218 policy_loss=1.1607 value_loss=3338.9645
2026-03-24 18:54:14 [info     ] epoch_complete                 avg_loss=1672.0723 epoch=3 num_batches=218 policy_loss=1.1606 value_loss=3341.8452
2026-03-24 18:54:14 [debug    ] agent_trained                  agent=Hank avg_loss=1671.3686 epochs=3
2026-03-24 18:54:14 [info     ] epoch_complete                 avg_loss=1672.3505 epoch=1 num_batches=218 policy_loss=1.1603 value_loss=3342.4023
2026-03-24 18:54:15 [info     ] epoch_complete                 avg_loss=1671.2507 epoch=2 num_batches=218 policy_loss=1.1606 value_loss=3340.2021
2026-03-24 18:54:16 [info     ] epoch_complete                 avg_loss=1686.8343 epoch=3 num_batches=218 policy_loss=1.1606 value_loss=3371.3693
2026-03-24 18:54:16 [debug    ] agent_trained                  agent=Ivan avg_loss=1676.8119 epochs=3
2026-03-24 18:54:16 [info     ] winner_weights_shared          alpha=0.5 learners=8 winner=agent_hank
2026-03-24 18:54:16 [info     ] winner_teaches                 winner=Hank wins_this_iteration=2
2026-03-24 18:54:16 [info     ] iteration_complete             best_agent=Hank best_bb_per_100=108.31 iteration=7

=== Agent Leaderboard ===
Rank  Agent      BB/100     Win Rate   Tournaments  Hands     
------------------------------------------------------------
1     Hank         108.31    23.8%         21       1443
2     Bob           87.11    14.3%         21       1443
3     Ivan          39.60    14.3%         21       1443
4     Grace         -0.14     9.5%         21       1443
5     Alice         -8.33     9.5%         21       1443
6     Dave         -24.83     9.5%         21       1443
7     Carol        -29.73     9.5%         21       1443
8     Frank        -77.75     4.8%         21       1443
9     Eve          -94.24     4.8%         21       1443

2026-03-24 18:54:16 [info     ] iteration_starting             iteration=8
2026-03-24 18:54:16 [debug    ] tournament_starting            tournament_id=selfplay-ff27d520
2026-03-24 18:54:19 [debug    ] tournament_complete            hands=24 tournament_id=selfplay-ff27d520 winner=Eve
2026-03-24 18:54:19 [debug    ] tournament_starting            tournament_id=selfplay-a456b883
2026-03-24 18:54:22 [debug    ] tournament_complete            hands=24 tournament_id=selfplay-a456b883 winner=Dave
2026-03-24 18:54:22 [debug    ] tournament_starting            tournament_id=selfplay-ef646d3f
2026-03-24 18:54:27 [debug    ] tournament_complete            hands=45 tournament_id=selfplay-ef646d3f winner=Frank
2026-03-24 18:54:27 [info     ] training_phase                 iteration=8
2026-03-24 18:54:28 [info     ] epoch_complete                 avg_loss=1727.8621 epoch=1 num_batches=230 policy_loss=1.1593 value_loss=3453.4274
2026-03-24 18:54:28 [info     ] epoch_complete                 avg_loss=1727.2699 epoch=2 num_batches=230 policy_loss=1.1594 value_loss=3452.2428
2026-03-24 18:54:29 [info     ] epoch_complete                 avg_loss=1727.2691 epoch=3 num_batches=230 policy_loss=1.1597 value_loss=3452.2407
2026-03-24 18:54:29 [debug    ] agent_trained                  agent=Alice avg_loss=1727.467 epochs=3
2026-03-24 18:54:30 [info     ] epoch_complete                 avg_loss=1727.2572 epoch=1 num_batches=230 policy_loss=1.1604 value_loss=3452.2155
2026-03-24 18:54:30 [info     ] epoch_complete                 avg_loss=1727.6962 epoch=2 num_batches=230 policy_loss=1.1603 value_loss=3453.0936
2026-03-24 18:54:31 [info     ] epoch_complete                 avg_loss=1727.2354 epoch=3 num_batches=230 policy_loss=1.1602 value_loss=3452.1721
2026-03-24 18:54:31 [debug    ] agent_trained                  agent=Bob avg_loss=1727.3962 epochs=3
2026-03-24 18:54:32 [info     ] epoch_complete                 avg_loss=1727.326 epoch=1 num_batches=230 policy_loss=1.1605 value_loss=3452.353
2026-03-24 18:54:32 [info     ] epoch_complete                 avg_loss=1727.2179 epoch=2 num_batches=230 policy_loss=1.1605 value_loss=3452.1367
2026-03-24 18:54:33 [info     ] epoch_complete                 avg_loss=1727.8123 epoch=3 num_batches=230 policy_loss=1.1609 value_loss=3453.3247
2026-03-24 18:54:33 [debug    ] agent_trained                  agent=Carol avg_loss=1727.4521 epochs=3
2026-03-24 18:54:34 [info     ] epoch_complete                 avg_loss=1727.2835 epoch=1 num_batches=230 policy_loss=1.1598 value_loss=3452.2693
2026-03-24 18:54:34 [info     ] epoch_complete                 avg_loss=1727.2021 epoch=2 num_batches=230 policy_loss=1.1598 value_loss=3452.1064
2026-03-24 18:54:35 [info     ] epoch_complete                 avg_loss=1727.3081 epoch=3 num_batches=230 policy_loss=1.1598 value_loss=3452.3186
2026-03-24 18:54:35 [debug    ] agent_trained                  agent=Dave avg_loss=1727.2646 epochs=3
2026-03-24 18:54:36 [info     ] epoch_complete                 avg_loss=1727.2305 epoch=1 num_batches=230 policy_loss=1.1605 value_loss=3452.1619
2026-03-24 18:54:36 [info     ] epoch_complete                 avg_loss=1727.8496 epoch=2 num_batches=230 policy_loss=1.1603 value_loss=3453.4006
2026-03-24 18:54:37 [info     ] epoch_complete                 avg_loss=1727.2069 epoch=3 num_batches=230 policy_loss=1.1603 value_loss=3452.115
2026-03-24 18:54:37 [debug    ] agent_trained                  agent=Eve avg_loss=1727.429 epochs=3
2026-03-24 18:54:38 [info     ] epoch_complete                 avg_loss=1727.5977 epoch=1 num_batches=230 policy_loss=1.1589 value_loss=3452.8993
2026-03-24 18:54:39 [info     ] epoch_complete                 avg_loss=1727.4727 epoch=2 num_batches=230 policy_loss=1.1588 value_loss=3452.6496
2026-03-24 18:54:39 [info     ] epoch_complete                 avg_loss=1727.7161 epoch=3 num_batches=230 policy_loss=1.1587 value_loss=3453.1366
2026-03-24 18:54:39 [debug    ] agent_trained                  agent=Frank avg_loss=1727.5955 epochs=3
2026-03-24 18:54:40 [info     ] epoch_complete                 avg_loss=1727.2604 epoch=1 num_batches=230 policy_loss=1.1598 value_loss=3452.2231
2026-03-24 18:54:41 [info     ] epoch_complete                 avg_loss=1727.27 epoch=2 num_batches=230 policy_loss=1.1596 value_loss=3452.2427
2026-03-24 18:54:41 [info     ] epoch_complete                 avg_loss=1727.3319 epoch=3 num_batches=230 policy_loss=1.1597 value_loss=3452.3663
2026-03-24 18:54:41 [debug    ] agent_trained                  agent=Grace avg_loss=1727.2875 epochs=3
2026-03-24 18:54:42 [info     ] epoch_complete                 avg_loss=1727.2392 epoch=1 num_batches=230 policy_loss=1.1609 value_loss=3452.1786
2026-03-24 18:54:43 [info     ] epoch_complete                 avg_loss=1727.4834 epoch=2 num_batches=230 policy_loss=1.161 value_loss=3452.6667
2026-03-24 18:54:43 [info     ] epoch_complete                 avg_loss=1727.3168 epoch=3 num_batches=230 policy_loss=1.161 value_loss=3452.3336
2026-03-24 18:54:43 [debug    ] agent_trained                  agent=Hank avg_loss=1727.3465 epochs=3
2026-03-24 18:54:45 [info     ] epoch_complete                 avg_loss=1727.5713 epoch=1 num_batches=230 policy_loss=1.1605 value_loss=3452.8435
2026-03-24 18:54:45 [info     ] epoch_complete                 avg_loss=1727.8395 epoch=2 num_batches=230 policy_loss=1.1602 value_loss=3453.3806
2026-03-24 18:54:46 [info     ] epoch_complete                 avg_loss=1727.2424 epoch=3 num_batches=230 policy_loss=1.1605 value_loss=3452.1856
2026-03-24 18:54:46 [debug    ] agent_trained                  agent=Ivan avg_loss=1727.5511 epochs=3
2026-03-24 18:54:46 [info     ] winner_weights_shared          alpha=0.5 learners=8 winner=agent_eve
2026-03-24 18:54:46 [info     ] winner_teaches                 winner=Eve wins_this_iteration=1
2026-03-24 18:54:46 [info     ] iteration_complete             best_agent=Hank best_bb_per_100=82.22 iteration=8

=== Agent Leaderboard ===
Rank  Agent      BB/100     Win Rate   Tournaments  Hands     
------------------------------------------------------------
1     Hank          82.22    20.8%         24       1536
2     Bob           62.30    12.5%         24       1536
3     Ivan          17.67    12.5%         24       1536
4     Dave          15.74    12.5%         24       1536
5     Grace        -19.66     8.3%         24       1536
6     Alice        -27.36     8.3%         24       1536
7     Frank        -33.98     8.3%         24       1536
8     Carol        -47.46     8.3%         24       1536
9     Eve          -49.47     8.3%         24       1536

2026-03-24 18:54:46 [info     ] iteration_starting             iteration=9
2026-03-24 18:54:46 [debug    ] tournament_starting            tournament_id=selfplay-f26bcfad
2026-03-24 18:55:08 [debug    ] tournament_complete            hands=100 tournament_id=selfplay-f26bcfad winner=Grace
2026-03-24 18:55:08 [debug    ] tournament_starting            tournament_id=selfplay-4b598074
2026-03-24 18:55:20 [debug    ] tournament_complete            hands=100 tournament_id=selfplay-4b598074 winner=Frank
2026-03-24 18:55:20 [debug    ] tournament_starting            tournament_id=selfplay-5c90dc57
2026-03-24 18:55:26 [debug    ] tournament_complete            hands=46 tournament_id=selfplay-5c90dc57 winner=Eve
2026-03-24 18:55:26 [info     ] training_phase                 iteration=9
2026-03-24 18:55:27 [info     ] epoch_complete                 avg_loss=1717.1761 epoch=1 num_batches=264 policy_loss=1.1602 value_loss=3432.0537
2026-03-24 18:55:28 [info     ] epoch_complete                 avg_loss=1717.1422 epoch=2 num_batches=264 policy_loss=1.1602 value_loss=3431.9857
2026-03-24 18:55:30 [info     ] epoch_complete                 avg_loss=1717.1911 epoch=3 num_batches=264 policy_loss=1.16 value_loss=3432.0841
2026-03-24 18:55:30 [debug    ] agent_trained                  agent=Alice avg_loss=1717.1698 epochs=3
2026-03-24 18:55:30 [info     ] epoch_complete                 avg_loss=1717.0832 epoch=1 num_batches=264 policy_loss=1.1603 value_loss=3431.8677
2026-03-24 18:55:31 [info     ] epoch_complete                 avg_loss=1717.1835 epoch=2 num_batches=264 policy_loss=1.1601 value_loss=3432.0685
2026-03-24 18:55:32 [info     ] epoch_complete                 avg_loss=1719.1093 epoch=3 num_batches=264 policy_loss=1.1605 value_loss=3435.9194
2026-03-24 18:55:32 [debug    ] agent_trained                  agent=Bob avg_loss=1717.792 epochs=3
2026-03-24 18:55:33 [info     ] epoch_complete                 avg_loss=1717.4184 epoch=1 num_batches=264 policy_loss=1.1606 value_loss=3432.5376
2026-03-24 18:55:33 [info     ] epoch_complete                 avg_loss=1717.2541 epoch=2 num_batches=264 policy_loss=1.1606 value_loss=3432.2089
2026-03-24 18:55:34 [info     ] epoch_complete                 avg_loss=1717.1524 epoch=3 num_batches=264 policy_loss=1.1605 value_loss=3432.0058
2026-03-24 18:55:34 [debug    ] agent_trained                  agent=Carol avg_loss=1717.275 epochs=3
2026-03-24 18:55:35 [info     ] epoch_complete                 avg_loss=1717.2306 epoch=1 num_batches=264 policy_loss=1.16 value_loss=3432.1629
2026-03-24 18:55:36 [info     ] epoch_complete                 avg_loss=1717.1524 epoch=2 num_batches=264 policy_loss=1.1599 value_loss=3432.0068
2026-03-24 18:55:36 [info     ] epoch_complete                 avg_loss=1718.471 epoch=3 num_batches=264 policy_loss=1.1603 value_loss=3434.6433
2026-03-24 18:55:36 [debug    ] agent_trained                  agent=Dave avg_loss=1717.618 epochs=3
2026-03-24 18:55:38 [info     ] epoch_complete                 avg_loss=1717.1772 epoch=1 num_batches=264 policy_loss=1.1607 value_loss=3432.0548
2026-03-24 18:55:39 [info     ] epoch_complete                 avg_loss=1717.1431 epoch=2 num_batches=264 policy_loss=1.1603 value_loss=3431.9875
2026-03-24 18:55:40 [info     ] epoch_complete                 avg_loss=1717.866 epoch=3 num_batches=264 policy_loss=1.1604 value_loss=3433.4331
2026-03-24 18:55:40 [debug    ] agent_trained                  agent=Eve avg_loss=1717.3954 epochs=3
2026-03-24 18:55:41 [info     ] epoch_complete                 avg_loss=1717.1258 epoch=1 num_batches=264 policy_loss=1.1594 value_loss=3431.9546
2026-03-24 18:55:41 [info     ] epoch_complete                 avg_loss=1719.1394 epoch=2 num_batches=264 policy_loss=1.1597 value_loss=3435.9813
2026-03-24 18:55:42 [info     ] epoch_complete                 avg_loss=1718.4092 epoch=3 num_batches=264 policy_loss=1.1594 value_loss=3434.5213
2026-03-24 18:55:42 [debug    ] agent_trained                  agent=Frank avg_loss=1718.2248 epochs=3
2026-03-24 18:55:43 [info     ] epoch_complete                 avg_loss=1718.6432 epoch=1 num_batches=264 policy_loss=1.1601 value_loss=3434.988
2026-03-24 18:55:44 [info     ] epoch_complete                 avg_loss=1718.3924 epoch=2 num_batches=264 policy_loss=1.1603 value_loss=3434.486
2026-03-24 18:55:44 [info     ] epoch_complete                 avg_loss=1717.1005 epoch=3 num_batches=264 policy_loss=1.1602 value_loss=3431.9023
2026-03-24 18:55:44 [debug    ] agent_trained                  agent=Grace avg_loss=1718.0453 epochs=3
2026-03-24 18:55:46 [info     ] epoch_complete                 avg_loss=1717.3015 epoch=1 num_batches=264 policy_loss=1.1608 value_loss=3432.3033
2026-03-24 18:55:47 [info     ] epoch_complete                 avg_loss=1719.0551 epoch=2 num_batches=264 policy_loss=1.1605 value_loss=3435.811
2026-03-24 18:55:48 [info     ] epoch_complete                 avg_loss=1717.1036 epoch=3 num_batches=264 policy_loss=1.1609 value_loss=3431.9073
2026-03-24 18:55:48 [debug    ] agent_trained                  agent=Hank avg_loss=1717.8201 epochs=3
2026-03-24 18:55:48 [info     ] epoch_complete                 avg_loss=1717.1528 epoch=1 num_batches=264 policy_loss=1.1605 value_loss=3432.0064
2026-03-24 18:55:49 [info     ] epoch_complete                 avg_loss=1719.1219 epoch=2 num_batches=264 policy_loss=1.1608 value_loss=3435.9441
2026-03-24 18:55:51 [info     ] epoch_complete                 avg_loss=1717.1634 epoch=3 num_batches=264 policy_loss=1.1609 value_loss=3432.0268
2026-03-24 18:55:51 [debug    ] agent_trained                  agent=Ivan avg_loss=1717.8127 epochs=3
2026-03-24 18:55:51 [info     ] winner_weights_shared          alpha=0.5 learners=8 winner=agent_grace
2026-03-24 18:55:51 [info     ] winner_teaches                 winner=Grace wins_this_iteration=1
2026-03-24 18:55:51 [info     ] iteration_complete             best_agent=Hank best_bb_per_100=54.03 iteration=9

=== Agent Leaderboard ===
Rank  Agent      BB/100     Win Rate   Tournaments  Hands     
------------------------------------------------------------
1     Hank          54.03    18.5%         27       1782
2     Bob           36.87    11.1%         27       1782
3     Grace         15.49    11.1%         27       1782
4     Frank          4.38    11.1%         27       1782
5     Ivan          -1.60    11.1%         27       1782
6     Dave          -3.27    11.1%         27       1782
7     Eve           -7.74    11.1%         27       1782
8     Alice        -40.42     7.4%         27       1782
9     Carol        -57.74     7.4%         27       1782

2026-03-24 18:55:51 [info     ] iteration_starting             iteration=10
2026-03-24 18:55:51 [debug    ] tournament_starting            tournament_id=selfplay-38ad9912
2026-03-24 18:56:02 [debug    ] tournament_complete            hands=100 tournament_id=selfplay-38ad9912 winner=Hank
2026-03-24 18:56:02 [debug    ] tournament_starting            tournament_id=selfplay-ba09d75e
2026-03-24 18:56:15 [debug    ] tournament_complete            hands=100 tournament_id=selfplay-ba09d75e winner=Alice
2026-03-24 18:56:15 [debug    ] tournament_starting            tournament_id=selfplay-87c19c79
Traceback (most recent call last):
  File "/home/babbitt/workspace/angzarr/client-python/main/angzarr_client/client.py", line 182, in handle_command
    return self._stub.HandleCommand(request)
           ~~~~~~~~~~~~~~~~~~~~~~~~^^^^^^^^^
  File "/tmp/whatif_venv/lib/python3.13/site-packages/grpc/_channel.py", line 1159, in __call__
    return _end_unary_response_blocking(state, call, False, None)
  File "/tmp/whatif_venv/lib/python3.13/site-packages/grpc/_channel.py", line 990, in _end_unary_response_blocking
    raise _InactiveRpcError(state)  # pytype: disable=not-instantiable
    ^^^^^^^^^^^^^^^^^^^^^^^^^^^^^^
grpc._channel._InactiveRpcError: <_InactiveRpcError of RPC that terminated with:
	status = StatusCode.FAILED_PRECONDITION
	details = "Nothing to call"
	debug_error_string = "UNKNOWN:Error received from peer  {grpc_status:9, grpc_message:"Nothing to call"}"
>

The above exception was the direct cause of the following exception:

Traceback (most recent call last):
  File "<frozen runpy>", line 198, in _run_module_as_main
  File "<frozen runpy>", line 88, in _run_code
  File "/home/babbitt/workspace/angzarr/examples-python/main/ai_player/training/self_play.py", line 925, in <module>
    main()
    ~~~~^^
  File "/home/babbitt/workspace/angzarr/examples-python/main/ai_player/training/self_play.py", line 916, in main
    best = trainer.run()
  File "/home/babbitt/workspace/angzarr/examples-python/main/ai_player/training/self_play.py", line 820, in run
    results = self.run_tournament()
  File "/home/babbitt/workspace/angzarr/examples-python/main/ai_player/training/self_play.py", line 625, in run_tournament
    game.play_hand()
    ~~~~~~~~~~~~~~^^
  File "/home/babbitt/workspace/angzarr/examples-python/main/ai_player/training/self_play.py", line 102, in play_hand
    result = self._base_game.play_hand()
  File "/home/babbitt/workspace/angzarr/examples-python/main/run_game.py", line 996, in play_hand
    self.betting_round(first_postflop)
    ~~~~~~~~~~~~~~~~~~^^^^^^^^^^^^^^^^
  File "/home/babbitt/workspace/angzarr/examples-python/main/run_game.py", line 760, in betting_round
    resp = self.client.execute(
        "hand", self.hand_root, cmd, sequence=self.hand_sequence
    )
  File "/home/babbitt/workspace/angzarr/examples-python/main/client.py", line 164, in execute
    response = client.execute_with_mode(cmd_book, sync_mode)
  File "/home/babbitt/workspace/angzarr/client-python/main/angzarr_client/client.py", line 329, in execute_with_mode
    return self.command_handler.handle_command(request)
           ~~~~~~~~~~~~~~~~~~~~~~~~~~~~~~~~~~~^^^^^^^^^
  File "/home/babbitt/workspace/angzarr/client-python/main/angzarr_client/client.py", line 184, in handle_command
    raise GRPCError(e) from e
angzarr_client.errors.GRPCError: grpc error: <_InactiveRpcError of RPC that terminated with:
	status = StatusCode.FAILED_PRECONDITION
	details = "Nothing to call"
	debug_error_string = "UNKNOWN:Error received from peer  {grpc_status:9, grpc_message:"Nothing to call"}"
>
