2026-03-24 18:47:13 [debug    ] model_registered               model_id=agent_alice
2026-03-24 18:47:13 [debug    ] model_registered               model_id=agent_bob
2026-03-24 18:47:13 [debug    ] model_registered               model_id=agent_carol
2026-03-24 18:47:13 [debug    ] model_registered               model_id=agent_dave
2026-03-24 18:47:13 [debug    ] model_registered               model_id=agent_eve
2026-03-24 18:47:13 [debug    ] model_registered               model_id=agent_frank
2026-03-24 18:47:13 [debug    ] model_registered               model_id=agent_grace
2026-03-24 18:47:13 [debug    ] model_registered               model_id=agent_hank
2026-03-24 18:47:13 [debug    ] model_registered               model_id=agent_ivan
2026-03-24 18:47:13 [info     ] agents_initialized             count=9
2026-03-24 18:47:13 [info     ] selfplay_starting              max_iterations=15 num_players=9 tournaments_per_iter=3
2026-03-24 18:47:13 [info     ] iteration_starting             iteration=1
2026-03-24 18:47:13 [debug    ] tournament_starting            tournament_id=selfplay-ba8fbdce
/home/babbitt/workspace/angzarr/examples-python/main/ai_player/models/poker_net.py:123: UserWarning: To copy construct from a tensor, it is recommended to use sourceTensor.detach().clone() or sourceTensor.detach().clone().requires_grad_(True), rather than torch.tensor(sourceTensor).
  x = torch.tensor(state, dtype=torch.float32, device=self._device)
2026-03-24 18:47:15 [debug    ] tournament_complete            hands=11 tournament_id=selfplay-ba8fbdce winner=Bob
2026-03-24 18:47:15 [debug    ] tournament_starting            tournament_id=selfplay-31d49432
2026-03-24 18:47:29 [debug    ] tournament_complete            hands=23 tournament_id=selfplay-31d49432 winner=Hank
2026-03-24 18:47:29 [debug    ] tournament_starting            tournament_id=selfplay-89f00edd
2026-03-24 18:47:30 [debug    ] tournament_complete            hands=6 tournament_id=selfplay-89f00edd winner=Dave
2026-03-24 18:47:30 [info     ] training_phase                 iteration=1
/tmp/whatif_venv/lib/python3.13/site-packages/torch/autograd/graph.py:869: UserWarning: CUDA initialization: The NVIDIA driver on your system is too old (found version 12040). Please update your GPU driver by downloading and installing a new version from the URL: http://www.nvidia.com/Download/index.aspx Alternatively, go to: https://pytorch.org to install a PyTorch version that has been compiled with your version of the CUDA driver. (Triggered internally at /pytorch/c10/cuda/CUDAFunctions.cpp:119.)
  return Variable._execution_engine.run_backward(  # Calls into the C++ engine to run the backward pass
2026-03-24 18:47:30 [info     ] epoch_complete                 avg_loss=16595.7156 epoch=1 num_batches=8 policy_loss=1.0337 value_loss=33189.386
2026-03-24 18:47:30 [info     ] epoch_complete                 avg_loss=16595.4327 epoch=2 num_batches=8 policy_loss=1.0364 value_loss=33188.8154
2026-03-24 18:47:30 [info     ] epoch_complete                 avg_loss=16647.799 epoch=3 num_batches=8 policy_loss=1.0361 value_loss=33293.5482
2026-03-24 18:47:30 [debug    ] agent_trained                  agent=Alice avg_loss=16612.9824 epochs=3
2026-03-24 18:47:30 [info     ] epoch_complete                 avg_loss=16513.2375 epoch=1 num_batches=8 policy_loss=1.0138 value_loss=33024.47
2026-03-24 18:47:30 [info     ] epoch_complete                 avg_loss=16668.1173 epoch=2 num_batches=8 policy_loss=1.017 value_loss=33334.2227
2026-03-24 18:47:30 [info     ] epoch_complete                 avg_loss=16551.9321 epoch=3 num_batches=8 policy_loss=1.016 value_loss=33101.855
2026-03-24 18:47:30 [debug    ] agent_trained                  agent=Bob avg_loss=16577.7623 epochs=3
2026-03-24 18:47:30 [info     ] epoch_complete                 avg_loss=16652.5941 epoch=1 num_batches=8 policy_loss=0.9922 value_loss=33303.2263
2026-03-24 18:47:30 [info     ] epoch_complete                 avg_loss=16480.1212 epoch=2 num_batches=8 policy_loss=0.9931 value_loss=32958.2788
2026-03-24 18:47:30 [info     ] epoch_complete                 avg_loss=16451.327 epoch=3 num_batches=8 policy_loss=0.9943 value_loss=32900.6882
2026-03-24 18:47:30 [debug    ] agent_trained                  agent=Carol avg_loss=16528.0141 epochs=3
2026-03-24 18:47:31 [info     ] epoch_complete                 avg_loss=16335.1882 epoch=1 num_batches=8 policy_loss=1.1163 value_loss=32668.1663
2026-03-24 18:47:31 [info     ] epoch_complete                 avg_loss=16591.9456 epoch=2 num_batches=8 policy_loss=1.1207 value_loss=33181.6721
2026-03-24 18:47:31 [info     ] epoch_complete                 avg_loss=16560.292 epoch=3 num_batches=8 policy_loss=1.1157 value_loss=33118.375
2026-03-24 18:47:31 [debug    ] agent_trained                  agent=Dave avg_loss=16495.8086 epochs=3
2026-03-24 18:47:31 [info     ] epoch_complete                 avg_loss=16505.5928 epoch=1 num_batches=8 policy_loss=1.2157 value_loss=33008.7769
2026-03-24 18:47:31 [info     ] epoch_complete                 avg_loss=16437.8502 epoch=2 num_batches=8 policy_loss=1.2148 value_loss=32873.293
2026-03-24 18:47:31 [info     ] epoch_complete                 avg_loss=16416.6295 epoch=3 num_batches=8 policy_loss=1.2158 value_loss=32830.8499
2026-03-24 18:47:31 [debug    ] agent_trained                  agent=Eve avg_loss=16453.3575 epochs=3
2026-03-24 18:47:31 [info     ] epoch_complete                 avg_loss=16542.89 epoch=1 num_batches=8 policy_loss=1.0948 value_loss=33083.6128
2026-03-24 18:47:31 [info     ] epoch_complete                 avg_loss=16731.0739 epoch=2 num_batches=8 policy_loss=1.0952 value_loss=33459.98
2026-03-24 18:47:31 [info     ] epoch_complete                 avg_loss=16438.1818 epoch=3 num_batches=8 policy_loss=1.0887 value_loss=32874.2087
2026-03-24 18:47:31 [debug    ] agent_trained                  agent=Frank avg_loss=16570.7152 epochs=3
2026-03-24 18:47:31 [info     ] epoch_complete                 avg_loss=16381.6293 epoch=1 num_batches=8 policy_loss=1.104 value_loss=32761.0737
2026-03-24 18:47:31 [info     ] epoch_complete                 avg_loss=16497.6262 epoch=2 num_batches=8 policy_loss=1.0986 value_loss=32993.0775
2026-03-24 18:47:31 [info     ] epoch_complete                 avg_loss=16540.2202 epoch=3 num_batches=8 policy_loss=1.0976 value_loss=33078.2678
2026-03-24 18:47:31 [debug    ] agent_trained                  agent=Grace avg_loss=16473.1586 epochs=3
2026-03-24 18:47:31 [info     ] epoch_complete                 avg_loss=16497.9205 epoch=1 num_batches=8 policy_loss=1.1263 value_loss=32993.6111
2026-03-24 18:47:31 [info     ] epoch_complete                 avg_loss=16405.5386 epoch=2 num_batches=8 policy_loss=1.1291 value_loss=32808.8413
2026-03-24 18:47:31 [info     ] epoch_complete                 avg_loss=16417.5208 epoch=3 num_batches=8 policy_loss=1.1263 value_loss=32832.8108
2026-03-24 18:47:31 [debug    ] agent_trained                  agent=Hank avg_loss=16440.3266 epochs=3
2026-03-24 18:47:31 [info     ] epoch_complete                 avg_loss=16616.5779 epoch=1 num_batches=8 policy_loss=1.1124 value_loss=33230.9536
2026-03-24 18:47:31 [info     ] epoch_complete                 avg_loss=16474.5839 epoch=2 num_batches=8 policy_loss=1.1122 value_loss=32946.9661
2026-03-24 18:47:31 [info     ] epoch_complete                 avg_loss=16671.7814 epoch=3 num_batches=8 policy_loss=1.1096 value_loss=33341.3652
2026-03-24 18:47:31 [debug    ] agent_trained                  agent=Ivan avg_loss=16587.6477 epochs=3
2026-03-24 18:47:31 [info     ] winner_weights_shared          alpha=0.5 learners=8 winner=agent_bob
2026-03-24 18:47:31 [info     ] winner_teaches                 winner=Bob wins_this_iteration=1
2026-03-24 18:47:31 [info     ] iteration_complete             best_agent=Bob best_bb_per_100=1500.0 iteration=1

=== Agent Leaderboard ===
Rank  Agent      BB/100     Win Rate   Tournaments  Hands     
------------------------------------------------------------
1     Bob         1500.00    33.3%          3         40
2     Dave        1500.00    33.3%          3         40
3     Hank        1500.00    33.3%          3         40
4     Alice       -750.00     0.0%          3         40
5     Carol       -750.00     0.0%          3         40
6     Eve         -750.00     0.0%          3         40
7     Frank       -750.00     0.0%          3         40
8     Grace       -750.00     0.0%          3         40
9     Ivan        -750.00     0.0%          3         40

2026-03-24 18:47:31 [info     ] iteration_starting             iteration=2
2026-03-24 18:47:31 [debug    ] tournament_starting            tournament_id=selfplay-412989cd
/home/babbitt/workspace/angzarr/examples-python/main/ai_player/models/poker_net.py:123: UserWarning: To copy construct from a tensor, it is recommended to use sourceTensor.detach().clone() or sourceTensor.detach().clone().requires_grad_(True), rather than torch.tensor(sourceTensor).
  x = torch.tensor(state, dtype=torch.float32, device=self._device)
2026-03-24 18:47:41 [debug    ] tournament_complete            hands=4 tournament_id=selfplay-412989cd winner=Bob
2026-03-24 18:47:41 [debug    ] tournament_starting            tournament_id=selfplay-44afa806
2026-03-24 18:47:43 [debug    ] tournament_complete            hands=9 tournament_id=selfplay-44afa806 winner=Frank
2026-03-24 18:47:43 [debug    ] tournament_starting            tournament_id=selfplay-ce0429ce
2026-03-24 18:47:43 [debug    ] tournament_complete            hands=4 tournament_id=selfplay-ce0429ce winner=Alice
2026-03-24 18:47:43 [info     ] training_phase                 iteration=2
2026-03-24 18:47:43 [info     ] epoch_complete                 avg_loss=17439.5193 epoch=1 num_batches=11 policy_loss=1.0108 value_loss=34877.0392
2026-03-24 18:47:43 [info     ] epoch_complete                 avg_loss=17135.6523 epoch=2 num_batches=11 policy_loss=1.0116 value_loss=34269.3042
2026-03-24 18:47:43 [info     ] epoch_complete                 avg_loss=17823.9422 epoch=3 num_batches=11 policy_loss=1.0097 value_loss=35645.8885
2026-03-24 18:47:43 [debug    ] agent_trained                  agent=Alice avg_loss=17466.3713 epochs=3
2026-03-24 18:47:43 [info     ] epoch_complete                 avg_loss=17403.8759 epoch=1 num_batches=11 policy_loss=1.0179 value_loss=34805.7393
2026-03-24 18:47:43 [info     ] epoch_complete                 avg_loss=17536.5605 epoch=2 num_batches=11 policy_loss=1.0125 value_loss=35071.119
2026-03-24 18:47:44 [info     ] epoch_complete                 avg_loss=17071.0539 epoch=3 num_batches=11 policy_loss=1.0128 value_loss=34140.1051
2026-03-24 18:47:44 [debug    ] agent_trained                  agent=Bob avg_loss=17337.1634 epochs=3
2026-03-24 18:47:44 [info     ] epoch_complete                 avg_loss=17737.8366 epoch=1 num_batches=11 policy_loss=1.0687 value_loss=35473.5584
2026-03-24 18:47:44 [info     ] epoch_complete                 avg_loss=17125.5412 epoch=2 num_batches=11 policy_loss=1.0708 value_loss=34248.9635
2026-03-24 18:47:44 [info     ] epoch_complete                 avg_loss=17520.1929 epoch=3 num_batches=11 policy_loss=1.0681 value_loss=35038.2717
2026-03-24 18:47:44 [debug    ] agent_trained                  agent=Carol avg_loss=17461.1903 epochs=3
2026-03-24 18:47:44 [info     ] epoch_complete                 avg_loss=17987.719 epoch=1 num_batches=11 policy_loss=1.121 value_loss=35973.2193
2026-03-24 18:47:44 [info     ] epoch_complete                 avg_loss=17493.5866 epoch=2 num_batches=11 policy_loss=1.1164 value_loss=34984.9629
2026-03-24 18:47:44 [info     ] epoch_complete                 avg_loss=17622.0463 epoch=3 num_batches=11 policy_loss=1.1211 value_loss=35241.8732
2026-03-24 18:47:44 [debug    ] agent_trained                  agent=Dave avg_loss=17701.1173 epochs=3
2026-03-24 18:47:44 [info     ] epoch_complete                 avg_loss=17777.2692 epoch=1 num_batches=11 policy_loss=1.0855 value_loss=35552.3907
2026-03-24 18:47:44 [info     ] epoch_complete                 avg_loss=17733.7132 epoch=2 num_batches=11 policy_loss=1.0875 value_loss=35465.2738
2026-03-24 18:47:44 [info     ] epoch_complete                 avg_loss=17563.4166 epoch=3 num_batches=11 policy_loss=1.0882 value_loss=35124.6793
2026-03-24 18:47:44 [debug    ] agent_trained                  agent=Eve avg_loss=17691.4664 epochs=3
2026-03-24 18:47:44 [info     ] epoch_complete                 avg_loss=17113.1118 epoch=1 num_batches=11 policy_loss=1.0284 value_loss=34224.1896
2026-03-24 18:47:44 [info     ] epoch_complete                 avg_loss=17126.2688 epoch=2 num_batches=11 policy_loss=1.0295 value_loss=34250.5012
2026-03-24 18:47:44 [info     ] epoch_complete                 avg_loss=17990.5902 epoch=3 num_batches=11 policy_loss=1.0299 value_loss=35979.1428
2026-03-24 18:47:44 [debug    ] agent_trained                  agent=Frank avg_loss=17409.9903 epochs=3
2026-03-24 18:47:44 [info     ] epoch_complete                 avg_loss=17256.5632 epoch=1 num_batches=11 policy_loss=1.0728 value_loss=34511.0036
2026-03-24 18:47:44 [info     ] epoch_complete                 avg_loss=18334.4607 epoch=2 num_batches=11 policy_loss=1.0731 value_loss=36666.7979
2026-03-24 18:47:44 [info     ] epoch_complete                 avg_loss=17676.9928 epoch=3 num_batches=11 policy_loss=1.0721 value_loss=35351.8642
2026-03-24 18:47:44 [debug    ] agent_trained                  agent=Grace avg_loss=17756.0056 epochs=3
2026-03-24 18:47:44 [info     ] epoch_complete                 avg_loss=17483.2228 epoch=1 num_batches=11 policy_loss=1.0672 value_loss=34964.3333
2026-03-24 18:47:44 [info     ] epoch_complete                 avg_loss=17578.6183 epoch=2 num_batches=11 policy_loss=1.0672 value_loss=35155.1254
2026-03-24 18:47:44 [info     ] epoch_complete                 avg_loss=17580.9482 epoch=3 num_batches=11 policy_loss=1.0699 value_loss=35159.7791
2026-03-24 18:47:44 [debug    ] agent_trained                  agent=Hank avg_loss=17547.5964 epochs=3
2026-03-24 18:47:44 [info     ] epoch_complete                 avg_loss=17096.9504 epoch=1 num_batches=11 policy_loss=1.093 value_loss=34191.7373
2026-03-24 18:47:44 [info     ] epoch_complete                 avg_loss=17425.9265 epoch=2 num_batches=11 policy_loss=1.096 value_loss=34849.6839
2026-03-24 18:47:44 [info     ] epoch_complete                 avg_loss=17915.7246 epoch=3 num_batches=11 policy_loss=1.091 value_loss=35829.2907
2026-03-24 18:47:44 [debug    ] agent_trained                  agent=Ivan avg_loss=17479.5338 epochs=3
2026-03-24 18:47:44 [info     ] winner_weights_shared          alpha=0.5 learners=8 winner=agent_bob
2026-03-24 18:47:44 [info     ] winner_teaches                 winner=Bob wins_this_iteration=1
2026-03-24 18:47:44 [info     ] iteration_complete             best_agent=Bob best_bb_per_100=2105.26 iteration=2

=== Agent Leaderboard ===
Rank  Agent      BB/100     Win Rate   Tournaments  Hands     
------------------------------------------------------------
1     Bob         2105.26    33.3%          6         57
2     Alice        526.32    16.7%          6         57
3     Dave         526.32    16.7%          6         57
4     Frank        526.32    16.7%          6         57
5     Hank         526.32    16.7%          6         57
6     Carol      -1052.63     0.0%          6         57
7     Eve        -1052.63     0.0%          6         57
8     Grace      -1052.63     0.0%          6         57
9     Ivan       -1052.63     0.0%          6         57

2026-03-24 18:47:44 [info     ] iteration_starting             iteration=3
2026-03-24 18:47:44 [debug    ] tournament_starting            tournament_id=selfplay-92c49a83
2026-03-24 18:47:45 [debug    ] tournament_complete            hands=4 tournament_id=selfplay-92c49a83 winner=Frank
2026-03-24 18:47:45 [debug    ] tournament_starting            tournament_id=selfplay-286e50e1
Traceback (most recent call last):
  File "/home/babbitt/workspace/angzarr/client-python/main/angzarr_client/client.py", line 182, in handle_command
    return self._stub.HandleCommand(request)
           ~~~~~~~~~~~~~~~~~~~~~~~~^^^^^^^^^
  File "/tmp/whatif_venv/lib/python3.13/site-packages/grpc/_channel.py", line 1159, in __call__
    return _end_unary_response_blocking(state, call, False, None)
  File "/tmp/whatif_venv/lib/python3.13/site-packages/grpc/_channel.py", line 990, in _end_unary_response_blocking
    raise _InactiveRpcError(state)  # pytype: disable=not-instantiable
    ^^^^^^^^^^^^^^^^^^^^^^^^^^^^^^
grpc._channel._InactiveRpcError: <_InactiveRpcError of RPC that terminated with:
	status = StatusCode.FAILED_PRECONDITION
	details = "Raise must be at least 1440"
	debug_error_string = "UNKNOWN:Error received from peer  {grpc_message:"Raise must be at least 1440", grpc_status:9}"
>

The above exception was the direct cause of the following exception:

Traceback (most recent call last):
  File "<frozen runpy>", line 198, in _run_module_as_main
  File "<frozen runpy>", line 88, in _run_code
  File "/home/babbitt/workspace/angzarr/examples-python/main/ai_player/training/self_play.py", line 925, in <module>
    main()
    ~~~~^^
  File "/home/babbitt/workspace/angzarr/examples-python/main/ai_player/training/self_play.py", line 916, in main
    best = trainer.run()
  File "/home/babbitt/workspace/angzarr/examples-python/main/ai_player/training/self_play.py", line 820, in run
    results = self.run_tournament()
  File "/home/babbitt/workspace/angzarr/examples-python/main/ai_player/training/self_play.py", line 625, in run_tournament
    game.play_hand()
    ~~~~~~~~~~~~~~^^
  File "/home/babbitt/workspace/angzarr/examples-python/main/ai_player/training/self_play.py", line 102, in play_hand
    result = self._base_game.play_hand()
  File "/home/babbitt/workspace/angzarr/examples-python/main/run_game.py", line 937, in play_hand
    self.betting_round(first_preflop, preflop=True)
    ~~~~~~~~~~~~~~~~~~^^^^^^^^^^^^^^^^^^^^^^^^^^^^^
  File "/home/babbitt/workspace/angzarr/examples-python/main/run_game.py", line 759, in betting_round
    resp = self.client.execute(
        "hand", self.hand_root, cmd, sequence=self.hand_sequence
    )
  File "/home/babbitt/workspace/angzarr/examples-python/main/client.py", line 164, in execute
    response = client.execute_with_mode(cmd_book, sync_mode)
  File "/home/babbitt/workspace/angzarr/client-python/main/angzarr_client/client.py", line 329, in execute_with_mode
    return self.command_handler.handle_command(request)
           ~~~~~~~~~~~~~~~~~~~~~~~~~~~~~~~~~~~^^^^^^^^^
  File "/home/babbitt/workspace/angzarr/client-python/main/angzarr_client/client.py", line 184, in handle_command
    raise GRPCError(e) from e
angzarr_client.errors.GRPCError: grpc error: <_InactiveRpcError of RPC that terminated with:
	status = StatusCode.FAILED_PRECONDITION
	details = "Raise must be at least 1440"
	debug_error_string = "UNKNOWN:Error received from peer  {grpc_message:"Raise must be at least 1440", grpc_status:9}"
>
