2026-03-24 19:51:21 [debug    ] model_registered               model_id=agent_alice
2026-03-24 19:51:21 [debug    ] model_registered               model_id=agent_bob
2026-03-24 19:51:21 [debug    ] model_registered               model_id=agent_carol
2026-03-24 19:51:21 [debug    ] model_registered               model_id=agent_dave
2026-03-24 19:51:21 [debug    ] model_registered               model_id=agent_eve
2026-03-24 19:51:21 [debug    ] model_registered               model_id=agent_frank
2026-03-24 19:51:21 [info     ] agents_initialized             count=6
2026-03-24 19:51:21 [info     ] selfplay_starting              max_iterations=5 num_players=6 tournaments_per_iter=3
2026-03-24 19:51:21 [info     ] iteration_starting             iteration=1
2026-03-24 19:51:21 [debug    ] tournament_starting            tournament_id=selfplay-25cfa338
/home/babbitt/workspace/angzarr/examples-python/main/ai_player/models/poker_net.py:123: UserWarning: To copy construct from a tensor, it is recommended to use sourceTensor.detach().clone() or sourceTensor.detach().clone().requires_grad_(True), rather than torch.tensor(sourceTensor).
  x = torch.tensor(state, dtype=torch.float32, device=self._device)
2026-03-24 19:51:22 [debug    ] tournament_complete            hands=3 tournament_id=selfplay-25cfa338 winner=Alice
2026-03-24 19:51:22 [debug    ] tournament_starting            tournament_id=selfplay-bfca6f1b
2026-03-24 19:51:23 [debug    ] tournament_complete            hands=3 tournament_id=selfplay-bfca6f1b winner=Carol
2026-03-24 19:51:23 [debug    ] tournament_starting            tournament_id=selfplay-24d20d6f
2026-03-24 19:51:24 [debug    ] tournament_complete            hands=4 tournament_id=selfplay-24d20d6f winner=Carol
2026-03-24 19:51:24 [info     ] training_phase                 iteration=1
/tmp/whatif_venv/lib/python3.13/site-packages/torch/autograd/graph.py:869: UserWarning: CUDA initialization: The NVIDIA driver on your system is too old (found version 12040). Please update your GPU driver by downloading and installing a new version from the URL: http://www.nvidia.com/Download/index.aspx Alternatively, go to: https://pytorch.org to install a PyTorch version that has been compiled with your version of the CUDA driver. (Triggered internally at /pytorch/c10/cuda/CUDAFunctions.cpp:119.)
  return Variable._execution_engine.run_backward(  # Calls into the C++ engine to run the backward pass
2026-03-24 19:51:24 [info     ] epoch_complete                 avg_loss=17533.0967 epoch=1 num_batches=2 policy_loss=1.0578 value_loss=35064.1006
2026-03-24 19:51:24 [info     ] epoch_complete                 avg_loss=17299.644 epoch=2 num_batches=2 policy_loss=1.0794 value_loss=34597.1523
2026-03-24 19:51:24 [info     ] epoch_complete                 avg_loss=18109.3022 epoch=3 num_batches=2 policy_loss=1.0682 value_loss=36216.4912
2026-03-24 19:51:24 [debug    ] agent_trained                  agent=Alice avg_loss=17647.3477 epochs=3
2026-03-24 19:51:24 [info     ] epoch_complete                 avg_loss=17786.8574 epoch=1 num_batches=2 policy_loss=1.0654 value_loss=35571.6074
2026-03-24 19:51:24 [info     ] epoch_complete                 avg_loss=17673.4717 epoch=2 num_batches=2 policy_loss=1.0675 value_loss=35344.832
2026-03-24 19:51:24 [info     ] epoch_complete                 avg_loss=18169.5269 epoch=3 num_batches=2 policy_loss=1.0418 value_loss=36336.9922
2026-03-24 19:51:24 [debug    ] agent_trained                  agent=Bob avg_loss=17876.6187 epochs=3
2026-03-24 19:51:24 [info     ] epoch_complete                 avg_loss=18005.7051 epoch=1 num_batches=2 policy_loss=1.0767 value_loss=36009.2793
2026-03-24 19:51:24 [info     ] epoch_complete                 avg_loss=17653.8369 epoch=2 num_batches=2 policy_loss=1.0737 value_loss=35305.5488
2026-03-24 19:51:24 [info     ] epoch_complete                 avg_loss=17861.6562 epoch=3 num_batches=2 policy_loss=1.0636 value_loss=35721.208
2026-03-24 19:51:24 [debug    ] agent_trained                  agent=Carol avg_loss=17840.3994 epochs=3
2026-03-24 19:51:24 [info     ] epoch_complete                 avg_loss=18127.644 epoch=1 num_batches=2 policy_loss=1.112 value_loss=36253.0869
2026-03-24 19:51:24 [info     ] epoch_complete                 avg_loss=17569.1748 epoch=2 num_batches=2 policy_loss=1.1043 value_loss=35136.1641
2026-03-24 19:51:24 [info     ] epoch_complete                 avg_loss=17102.001 epoch=3 num_batches=2 policy_loss=1.11 value_loss=34201.8037
2026-03-24 19:51:24 [debug    ] agent_trained                  agent=Dave avg_loss=17599.6066 epochs=3
2026-03-24 19:51:24 [info     ] epoch_complete                 avg_loss=17998.4995 epoch=1 num_batches=2 policy_loss=1.0276 value_loss=35994.9668
2026-03-24 19:51:25 [info     ] epoch_complete                 avg_loss=17724.8525 epoch=2 num_batches=2 policy_loss=1.0254 value_loss=35447.6777
2026-03-24 19:51:25 [info     ] epoch_complete                 avg_loss=18370.998 epoch=3 num_batches=2 policy_loss=1.0321 value_loss=36739.9531
2026-03-24 19:51:25 [debug    ] agent_trained                  agent=Eve avg_loss=18031.45 epochs=3
2026-03-24 19:51:25 [info     ] epoch_complete                 avg_loss=17769.3516 epoch=1 num_batches=2 policy_loss=1.1331 value_loss=35536.4609
2026-03-24 19:51:25 [info     ] epoch_complete                 avg_loss=17311.8877 epoch=2 num_batches=2 policy_loss=1.1349 value_loss=34621.5283
2026-03-24 19:51:25 [info     ] epoch_complete                 avg_loss=17598.8096 epoch=3 num_batches=2 policy_loss=1.124 value_loss=35195.3945
2026-03-24 19:51:25 [debug    ] agent_trained                  agent=Frank avg_loss=17560.0163 epochs=3
2026-03-24 19:51:25 [info     ] winner_weights_shared          alpha=0.5 learners=5 winner=agent_carol
2026-03-24 19:51:25 [info     ] winner_teaches                 winner=Carol wins_this_iteration=2
2026-03-24 19:51:25 [info     ] iteration_complete             best_agent=Carol best_bb_per_100=9000.0 iteration=1

=== Agent Leaderboard ===
Rank  Agent      BB/100     Win Rate   Tournaments  Hands     
------------------------------------------------------------
1     Carol       9000.00    66.7%          3         10
2     Alice       3000.00    33.3%          3         10
3     Bob        -3000.00     0.0%          3         10
4     Dave       -3000.00     0.0%          3         10
5     Eve        -3000.00     0.0%          3         10
6     Frank      -3000.00     0.0%          3         10

2026-03-24 19:51:25 [info     ] iteration_starting             iteration=2
2026-03-24 19:51:25 [debug    ] tournament_starting            tournament_id=selfplay-666fcc2b
/home/babbitt/workspace/angzarr/examples-python/main/ai_player/models/poker_net.py:123: UserWarning: To copy construct from a tensor, it is recommended to use sourceTensor.detach().clone() or sourceTensor.detach().clone().requires_grad_(True), rather than torch.tensor(sourceTensor).
  x = torch.tensor(state, dtype=torch.float32, device=self._device)
2026-03-24 19:51:25 [debug    ] tournament_complete            hands=3 tournament_id=selfplay-666fcc2b winner=Carol
2026-03-24 19:51:25 [debug    ] tournament_starting            tournament_id=selfplay-b45433d0
2026-03-24 19:51:25 [debug    ] tournament_complete            hands=2 tournament_id=selfplay-b45433d0 winner=Alice
2026-03-24 19:51:25 [debug    ] tournament_starting            tournament_id=selfplay-9d23eebc
2026-03-24 19:51:26 [debug    ] tournament_complete            hands=5 tournament_id=selfplay-9d23eebc winner=Frank
2026-03-24 19:51:26 [info     ] training_phase                 iteration=2
2026-03-24 19:51:26 [info     ] epoch_complete                 avg_loss=14971.1733 epoch=1 num_batches=4 policy_loss=1.105 value_loss=29940.1597
2026-03-24 19:51:26 [info     ] epoch_complete                 avg_loss=15150.2708 epoch=2 num_batches=4 policy_loss=1.1053 value_loss=30298.3525
2026-03-24 19:51:26 [info     ] epoch_complete                 avg_loss=15917.9685 epoch=3 num_batches=4 policy_loss=1.1096 value_loss=31833.7402
2026-03-24 19:51:26 [debug    ] agent_trained                  agent=Alice avg_loss=15346.4709 epochs=3
2026-03-24 19:51:26 [info     ] epoch_complete                 avg_loss=15008.2166 epoch=1 num_batches=4 policy_loss=1.0242 value_loss=30014.4072
2026-03-24 19:51:26 [info     ] epoch_complete                 avg_loss=13194.6998 epoch=2 num_batches=4 policy_loss=1.029 value_loss=26387.3649
2026-03-24 19:51:26 [info     ] epoch_complete                 avg_loss=15391.8005 epoch=3 num_batches=4 policy_loss=1.0285 value_loss=30781.5659
2026-03-24 19:51:26 [debug    ] agent_trained                  agent=Bob avg_loss=14531.5723 epochs=3
2026-03-24 19:51:27 [info     ] epoch_complete                 avg_loss=17689.6091 epoch=1 num_batches=4 policy_loss=1.0667 value_loss=35377.1079
2026-03-24 19:51:27 [info     ] epoch_complete                 avg_loss=14097.0602 epoch=2 num_batches=4 policy_loss=1.0562 value_loss=28192.03
2026-03-24 19:51:27 [info     ] epoch_complete                 avg_loss=13318.0101 epoch=3 num_batches=4 policy_loss=1.0519 value_loss=26633.9382
2026-03-24 19:51:27 [debug    ] agent_trained                  agent=Carol avg_loss=15034.8931 epochs=3
2026-03-24 19:51:27 [info     ] epoch_complete                 avg_loss=18849.6387 epoch=1 num_batches=4 policy_loss=1.0739 value_loss=37697.1528
2026-03-24 19:51:27 [info     ] epoch_complete                 avg_loss=16546.0833 epoch=2 num_batches=4 policy_loss=1.0707 value_loss=33090.0483
2026-03-24 19:51:27 [info     ] epoch_complete                 avg_loss=14899.2358 epoch=3 num_batches=4 policy_loss=1.0619 value_loss=29796.3706
2026-03-24 19:51:27 [debug    ] agent_trained                  agent=Dave avg_loss=16764.9859 epochs=3
2026-03-24 19:51:27 [info     ] epoch_complete                 avg_loss=19688.8401 epoch=1 num_batches=4 policy_loss=1.0212 value_loss=39375.6606
2026-03-24 19:51:27 [info     ] epoch_complete                 avg_loss=14054.4186 epoch=2 num_batches=4 policy_loss=1.0213 value_loss=28106.8162
2026-03-24 19:51:27 [info     ] epoch_complete                 avg_loss=16464.5908 epoch=3 num_batches=4 policy_loss=1.0194 value_loss=32927.165
2026-03-24 19:51:27 [debug    ] agent_trained                  agent=Eve avg_loss=16735.9498 epochs=3
2026-03-24 19:51:27 [info     ] epoch_complete                 avg_loss=21191.958 epoch=1 num_batches=4 policy_loss=1.0864 value_loss=42381.7661
2026-03-24 19:51:27 [info     ] epoch_complete                 avg_loss=13213.5455 epoch=2 num_batches=4 policy_loss=1.0906 value_loss=26424.9323
2026-03-24 19:51:27 [info     ] epoch_complete                 avg_loss=13485.088 epoch=3 num_batches=4 policy_loss=1.0935 value_loss=26968.0118
2026-03-24 19:51:27 [debug    ] agent_trained                  agent=Frank avg_loss=15963.5305 epochs=3
2026-03-24 19:51:27 [info     ] winner_weights_shared          alpha=0.5 learners=5 winner=agent_carol
2026-03-24 19:51:27 [info     ] winner_teaches                 winner=Carol wins_this_iteration=1
2026-03-24 19:51:27 [info     ] iteration_complete             best_agent=Carol best_bb_per_100=6000.0 iteration=2

=== Agent Leaderboard ===
Rank  Agent      BB/100     Win Rate   Tournaments  Hands     
------------------------------------------------------------
1     Carol       6000.00    50.0%          6         20
2     Alice       3000.00    33.3%          6         20
3     Frank          0.00    16.7%          6         20
4     Bob        -3000.00     0.0%          6         20
5     Dave       -3000.00     0.0%          6         20
6     Eve        -3000.00     0.0%          6         20

2026-03-24 19:51:27 [info     ] iteration_starting             iteration=3
2026-03-24 19:51:27 [debug    ] tournament_starting            tournament_id=selfplay-e10ba5f2
2026-03-24 19:51:27 [debug    ] tournament_complete            hands=3 tournament_id=selfplay-e10ba5f2 winner=Dave
2026-03-24 19:51:27 [debug    ] tournament_starting            tournament_id=selfplay-78cf949c
2026-03-24 19:51:29 [debug    ] tournament_complete            hands=7 tournament_id=selfplay-78cf949c winner=Frank
2026-03-24 19:51:29 [debug    ] tournament_starting            tournament_id=selfplay-13e7e2de
2026-03-24 19:51:29 [debug    ] tournament_complete            hands=3 tournament_id=selfplay-13e7e2de winner=Dave
2026-03-24 19:51:29 [info     ] training_phase                 iteration=3
2026-03-24 19:51:29 [info     ] epoch_complete                 avg_loss=14622.0059 epoch=1 num_batches=5 policy_loss=1.0802 value_loss=29241.8742
2026-03-24 19:51:29 [info     ] epoch_complete                 avg_loss=14707.0512 epoch=2 num_batches=5 policy_loss=1.0816 value_loss=29411.9613
2026-03-24 19:51:29 [info     ] epoch_complete                 avg_loss=15017.2057 epoch=3 num_batches=5 policy_loss=1.0767 value_loss=30032.2801
2026-03-24 19:51:29 [debug    ] agent_trained                  agent=Alice avg_loss=14782.0876 epochs=3
2026-03-24 19:51:29 [info     ] epoch_complete                 avg_loss=15073.7703 epoch=1 num_batches=5 policy_loss=1.0379 value_loss=30145.4867
2026-03-24 19:51:29 [info     ] epoch_complete                 avg_loss=14636.46 epoch=2 num_batches=5 policy_loss=1.038 value_loss=29270.8656
2026-03-24 19:51:29 [info     ] epoch_complete                 avg_loss=14752.2633 epoch=3 num_batches=5 policy_loss=1.0357 value_loss=29502.477
2026-03-24 19:51:29 [debug    ] agent_trained                  agent=Bob avg_loss=14820.8312 epochs=3
2026-03-24 19:51:29 [info     ] epoch_complete                 avg_loss=15041.1701 epoch=1 num_batches=5 policy_loss=1.0531 value_loss=30080.2562
2026-03-24 19:51:29 [info     ] epoch_complete                 avg_loss=14566.632 epoch=2 num_batches=5 policy_loss=1.0488 value_loss=29131.1879
2026-03-24 19:51:29 [info     ] epoch_complete                 avg_loss=14994.8998 epoch=3 num_batches=5 policy_loss=1.0466 value_loss=29987.7285
2026-03-24 19:51:29 [debug    ] agent_trained                  agent=Carol avg_loss=14867.5673 epochs=3
2026-03-24 19:51:29 [info     ] epoch_complete                 avg_loss=14481.2271 epoch=1 num_batches=5 policy_loss=1.0574 value_loss=28960.3613
2026-03-24 19:51:29 [info     ] epoch_complete                 avg_loss=14570.0055 epoch=2 num_batches=5 policy_loss=1.0566 value_loss=29137.9195
2026-03-24 19:51:29 [info     ] epoch_complete                 avg_loss=14521.7137 epoch=3 num_batches=5 policy_loss=1.0595 value_loss=29041.3305
2026-03-24 19:51:29 [debug    ] agent_trained                  agent=Dave avg_loss=14524.3154 epochs=3
2026-03-24 19:51:29 [info     ] epoch_complete                 avg_loss=14662.7648 epoch=1 num_batches=5 policy_loss=1.031 value_loss=29323.4895
2026-03-24 19:51:29 [info     ] epoch_complete                 avg_loss=14733.7346 epoch=2 num_batches=5 policy_loss=1.0302 value_loss=29465.4313
2026-03-24 19:51:29 [info     ] epoch_complete                 avg_loss=14778.4791 epoch=3 num_batches=5 policy_loss=1.0304 value_loss=29554.9188
2026-03-24 19:51:29 [debug    ] agent_trained                  agent=Eve avg_loss=14724.9928 epochs=3
2026-03-24 19:51:29 [info     ] epoch_complete                 avg_loss=14910.5287 epoch=1 num_batches=5 policy_loss=1.0563 value_loss=29818.9672
2026-03-24 19:51:29 [info     ] epoch_complete                 avg_loss=14431.9066 epoch=2 num_batches=5 policy_loss=1.05 value_loss=28861.7363
2026-03-24 19:51:29 [info     ] epoch_complete                 avg_loss=14728.9496 epoch=3 num_batches=5 policy_loss=1.0559 value_loss=29455.8094
2026-03-24 19:51:29 [debug    ] agent_trained                  agent=Frank avg_loss=14690.4617 epochs=3
2026-03-24 19:51:29 [info     ] winner_weights_shared          alpha=0.5 learners=5 winner=agent_dave
2026-03-24 19:51:29 [info     ] winner_teaches                 winner=Dave wins_this_iteration=2
2026-03-24 19:51:29 [info     ] iteration_complete             best_agent=Carol best_bb_per_100=2727.27 iteration=3

=== Agent Leaderboard ===
Rank  Agent      BB/100     Win Rate   Tournaments  Hands     
------------------------------------------------------------
1     Carol       2727.27    33.3%          9         33
2     Alice        909.09    22.2%          9         33
3     Dave         909.09    22.2%          9         33
4     Frank        909.09    22.2%          9         33
5     Bob        -2727.27     0.0%          9         33
6     Eve        -2727.27     0.0%          9         33

2026-03-24 19:51:29 [info     ] iteration_starting             iteration=4
2026-03-24 19:51:29 [debug    ] tournament_starting            tournament_id=selfplay-9e572361
2026-03-24 19:51:30 [debug    ] tournament_complete            hands=2 tournament_id=selfplay-9e572361 winner=Alice
2026-03-24 19:51:30 [debug    ] tournament_starting            tournament_id=selfplay-eef9abb1
2026-03-24 19:51:30 [debug    ] tournament_complete            hands=3 tournament_id=selfplay-eef9abb1 winner=Bob
2026-03-24 19:51:30 [debug    ] tournament_starting            tournament_id=selfplay-f5514cad
2026-03-24 19:51:31 [debug    ] tournament_complete            hands=4 tournament_id=selfplay-f5514cad winner=Dave
2026-03-24 19:51:31 [info     ] training_phase                 iteration=4
2026-03-24 19:51:31 [info     ] epoch_complete                 avg_loss=13783.1466 epoch=1 num_batches=6 policy_loss=1.0676 value_loss=27564.18
2026-03-24 19:51:31 [info     ] epoch_complete                 avg_loss=14097.7325 epoch=2 num_batches=6 policy_loss=1.0697 value_loss=28193.3475
2026-03-24 19:51:31 [info     ] epoch_complete                 avg_loss=14250.6989 epoch=3 num_batches=6 policy_loss=1.0675 value_loss=28499.2848
2026-03-24 19:51:31 [debug    ] agent_trained                  agent=Alice avg_loss=14043.8593 epochs=3
2026-03-24 19:51:31 [info     ] epoch_complete                 avg_loss=14060.8555 epoch=1 num_batches=6 policy_loss=1.0533 value_loss=28119.626
2026-03-24 19:51:31 [info     ] epoch_complete                 avg_loss=13917.7306 epoch=2 num_batches=6 policy_loss=1.0462 value_loss=27833.3908
2026-03-24 19:51:31 [info     ] epoch_complete                 avg_loss=14392.613 epoch=3 num_batches=6 policy_loss=1.0472 value_loss=28783.1533
2026-03-24 19:51:31 [debug    ] agent_trained                  agent=Bob avg_loss=14123.733 epochs=3
2026-03-24 19:51:31 [info     ] epoch_complete                 avg_loss=14717.5181 epoch=1 num_batches=6 policy_loss=1.056 value_loss=29432.9466
2026-03-24 19:51:31 [info     ] epoch_complete                 avg_loss=15409.2363 epoch=2 num_batches=6 policy_loss=1.0528 value_loss=30816.3887
2026-03-24 19:51:31 [info     ] epoch_complete                 avg_loss=14966.7894 epoch=3 num_batches=6 policy_loss=1.0564 value_loss=29931.4886
2026-03-24 19:51:31 [debug    ] agent_trained                  agent=Carol avg_loss=15031.1813 epochs=3
2026-03-24 19:51:31 [info     ] epoch_complete                 avg_loss=14924.5876 epoch=1 num_batches=6 policy_loss=1.06 value_loss=29847.0771
2026-03-24 19:51:31 [info     ] epoch_complete                 avg_loss=14380.6922 epoch=2 num_batches=6 policy_loss=1.0613 value_loss=28759.2842
2026-03-24 19:51:31 [info     ] epoch_complete                 avg_loss=14842.4053 epoch=3 num_batches=6 policy_loss=1.0631 value_loss=29682.7064
2026-03-24 19:51:31 [debug    ] agent_trained                  agent=Dave avg_loss=14715.895 epochs=3
2026-03-24 19:51:31 [info     ] epoch_complete                 avg_loss=14399.6733 epoch=1 num_batches=6 policy_loss=1.0491 value_loss=28797.2705
2026-03-24 19:51:31 [info     ] epoch_complete                 avg_loss=13926.136 epoch=2 num_batches=6 policy_loss=1.044 value_loss=27850.2062
2026-03-24 19:51:31 [info     ] epoch_complete                 avg_loss=14020.5908 epoch=3 num_batches=6 policy_loss=1.0451 value_loss=28039.1133
2026-03-24 19:51:31 [debug    ] agent_trained                  agent=Eve avg_loss=14115.4667 epochs=3
2026-03-24 19:51:31 [info     ] epoch_complete                 avg_loss=15049.7126 epoch=1 num_batches=6 policy_loss=1.0571 value_loss=30097.3327
2026-03-24 19:51:31 [info     ] epoch_complete                 avg_loss=13991.0246 epoch=2 num_batches=6 policy_loss=1.0513 value_loss=27979.9684
2026-03-24 19:51:31 [info     ] epoch_complete                 avg_loss=14189.755 epoch=3 num_batches=6 policy_loss=1.052 value_loss=28377.4274
2026-03-24 19:51:31 [debug    ] agent_trained                  agent=Frank avg_loss=14410.1641 epochs=3
2026-03-24 19:51:31 [info     ] winner_weights_shared          alpha=0.5 learners=5 winner=agent_alice
2026-03-24 19:51:31 [info     ] winner_teaches                 winner=Alice wins_this_iteration=1
2026-03-24 19:51:31 [info     ] iteration_complete             best_agent=Alice best_bb_per_100=1428.57 iteration=4

=== Agent Leaderboard ===
Rank  Agent      BB/100     Win Rate   Tournaments  Hands     
------------------------------------------------------------
1     Alice       1428.57    25.0%         12         42
2     Carol       1428.57    25.0%         12         42
3     Dave        1428.57    25.0%         12         42
4     Frank          0.00    16.7%         12         42
5     Bob        -1428.57     8.3%         12         42
6     Eve        -2857.14     0.0%         12         42

2026-03-24 19:51:31 [info     ] iteration_starting             iteration=5
2026-03-24 19:51:31 [debug    ] tournament_starting            tournament_id=selfplay-62999229
2026-03-24 19:51:32 [debug    ] tournament_complete            hands=7 tournament_id=selfplay-62999229 winner=Alice
2026-03-24 19:51:32 [debug    ] tournament_starting            tournament_id=selfplay-e41b16c5
2026-03-24 19:51:33 [debug    ] tournament_complete            hands=4 tournament_id=selfplay-e41b16c5 winner=Dave
2026-03-24 19:51:33 [debug    ] tournament_starting            tournament_id=selfplay-4c121c2f
2026-03-24 19:51:33 [debug    ] tournament_complete            hands=3 tournament_id=selfplay-4c121c2f winner=Eve
2026-03-24 19:51:33 [info     ] training_phase                 iteration=5
2026-03-24 19:51:33 [info     ] epoch_complete                 avg_loss=14389.7121 epoch=1 num_batches=7 policy_loss=1.0692 value_loss=28777.3078
2026-03-24 19:51:33 [info     ] epoch_complete                 avg_loss=14542.7778 epoch=2 num_batches=7 policy_loss=1.0669 value_loss=29083.4436
2026-03-24 19:51:33 [info     ] epoch_complete                 avg_loss=14438.5349 epoch=3 num_batches=7 policy_loss=1.0675 value_loss=28874.9568
2026-03-24 19:51:33 [debug    ] agent_trained                  agent=Alice avg_loss=14457.0083 epochs=3
2026-03-24 19:51:33 [info     ] epoch_complete                 avg_loss=14397.4634 epoch=1 num_batches=7 policy_loss=1.0586 value_loss=28792.8315
2026-03-24 19:51:34 [info     ] epoch_complete                 avg_loss=14508.2289 epoch=2 num_batches=7 policy_loss=1.0583 value_loss=29014.3627
2026-03-24 19:51:34 [info     ] epoch_complete                 avg_loss=14450.31 epoch=3 num_batches=7 policy_loss=1.0609 value_loss=28898.5198
2026-03-24 19:51:34 [debug    ] agent_trained                  agent=Bob avg_loss=14452.0008 epochs=3
2026-03-24 19:51:34 [info     ] epoch_complete                 avg_loss=14598.5153 epoch=1 num_batches=7 policy_loss=1.0638 value_loss=29194.9252
2026-03-24 19:51:34 [info     ] epoch_complete                 avg_loss=14410.465 epoch=2 num_batches=7 policy_loss=1.0607 value_loss=28818.8304
2026-03-24 19:51:34 [info     ] epoch_complete                 avg_loss=14549.365 epoch=3 num_batches=7 policy_loss=1.0608 value_loss=29096.63
2026-03-24 19:51:34 [debug    ] agent_trained                  agent=Carol avg_loss=14519.4484 epochs=3
2026-03-24 19:51:34 [info     ] epoch_complete                 avg_loss=14534.2545 epoch=1 num_batches=7 policy_loss=1.0658 value_loss=29066.399
2026-03-24 19:51:34 [info     ] epoch_complete                 avg_loss=14498.842 epoch=2 num_batches=7 policy_loss=1.0637 value_loss=28995.579
2026-03-24 19:51:34 [info     ] epoch_complete                 avg_loss=14438.9696 epoch=3 num_batches=7 policy_loss=1.066 value_loss=28875.829
2026-03-24 19:51:34 [debug    ] agent_trained                  agent=Dave avg_loss=14490.6887 epochs=3
2026-03-24 19:51:34 [info     ] epoch_complete                 avg_loss=14456.261 epoch=1 num_batches=7 policy_loss=1.0577 value_loss=28910.4283
2026-03-24 19:51:34 [info     ] epoch_complete                 avg_loss=14537.0042 epoch=2 num_batches=7 policy_loss=1.0581 value_loss=29071.9143
2026-03-24 19:51:34 [info     ] epoch_complete                 avg_loss=14677.5965 epoch=3 num_batches=7 policy_loss=1.0604 value_loss=29353.0943
2026-03-24 19:51:34 [debug    ] agent_trained                  agent=Eve avg_loss=14556.9539 epochs=3
2026-03-24 19:51:34 [info     ] epoch_complete                 avg_loss=14575.4548 epoch=1 num_batches=7 policy_loss=1.0594 value_loss=29148.8133
2026-03-24 19:51:34 [info     ] epoch_complete                 avg_loss=14314.2705 epoch=2 num_batches=7 policy_loss=1.0615 value_loss=28626.4395
2026-03-24 19:51:34 [info     ] epoch_complete                 avg_loss=14518.6818 epoch=3 num_batches=7 policy_loss=1.0614 value_loss=29035.2628
2026-03-24 19:51:34 [debug    ] agent_trained                  agent=Frank avg_loss=14469.469 epochs=3
2026-03-24 19:51:34 [info     ] winner_weights_shared          alpha=0.5 learners=5 winner=agent_alice
2026-03-24 19:51:34 [info     ] winner_teaches                 winner=Alice wins_this_iteration=1
2026-03-24 19:51:34 [info     ] iteration_complete             best_agent=Alice best_bb_per_100=1607.14 iteration=5

=== Agent Leaderboard ===
Rank  Agent      BB/100     Win Rate   Tournaments  Hands     
------------------------------------------------------------
1     Alice       1607.14    26.7%         15         56
2     Dave        1607.14    26.7%         15         56
3     Carol        535.71    20.0%         15         56
4     Frank       -535.71    13.3%         15         56
5     Bob        -1607.14     6.7%         15         56
6     Eve        -1607.14     6.7%         15         56

2026-03-24 19:51:34 [info     ] models_saved                   best_agent=Alice best_bb_per_100=1607.14 suffix=iter5
2026-03-24 19:51:34 [info     ] models_saved                   best_agent=Alice best_bb_per_100=1607.14 suffix=final
2026-03-24 19:51:34 [info     ] selfplay_complete              best_agent=Alice best_bb_per_100=1607.14 iterations=5

Best Agent: Alice
BB/100: 1607.14
Win Rate: 26.7%
Model saved to: ./models/selfplay/best_model.pt
